Command: /home/jmuzy/.espressif/tools/python/v6.0.2/venv/bin/python /home/jmuzy/.espressif/v6.0.2/esp-idf/tools/idf_monitor.py -p socket://localhost:5555 -b 115200 --toolchain-prefix xtensa-esp32-elf- --target esp32 --revision 0 /home/jmuzy/Programming/esp/db9/build/db9.elf /home/jmuzy/Programming/esp/db9/build/bootloader/bootloader.elf -m '/home/jmuzy/.espressif/tools/python/v6.0.2/venv/bin/python' '/home/jmuzy/.espressif/v6.0.2/esp-idf/tools/idf.py'
ets Jul 29 2019 12:21:46

rst:0x1 (POWERON_RESET),boot:0x12 (SPI_FAST_FLASH_BOOT)
configsip: 0, SPIWP:0xee
clk_drv:0x00,q_drv:0x00,d_drv:0x00,cs0_drv:0x00,hd_drv:0x00,wp_drv:0x00
mode:DIO, clock div:2
load:0x3fff0040,len:6272
load:0x40078000,len:15820
load:0x40080400,len:3920
entry 0x40080644
[0;32mI (710) boot: ESP-IDF v6.0.2-dirty 2nd stage bootloader[0m
[0;32mI (711) boot: compile time Jul  2 2026 13:38:54[0m
[0;32mI (711) boot: Multicore bootloader[0m
[0;32mI (793) boot: chip revision: v3.0[0m
[0;32mI (795) boot.esp32: SPI Speed      : 40MHz[0m
[0;32mI (795) boot.esp32: SPI Mode       : DIO[0m
[0;32mI (795) boot.esp32: SPI Flash Size : 2MB[0m
[0;32mI (807) boot: Enabling RNG early entropy source...[0m
[0;32mI (819) boot: Partition Table:[0m
[0;32mI (819) boot: ## Label            Usage          Type ST Offset   Length[0m
[0;32mI (819) boot:  0 nvs              WiFi data        01 02 00009000 00006000[0m
[0;32mI (820) boot:  1 phy_init         RF data          01 01 0000f000 00001000[0m
[0;32mI (820) boot:  2 factory          factory app      00 00 00010000 00100000[0m
[0;32mI (829) boot: End of partition table[0m
[0;32mI (923) esp_image: segment 0: paddr=00010020 vaddr=3f400020 size=06844h ( 26692) map[0m
[0;32mI (966) esp_image: segment 1: paddr=0001686c vaddr=3ffb0000 size=027bch ( 10172) load[0m
[0;32mI (1009) esp_image: segment 2: paddr=00019030 vaddr=40080000 size=06fe8h ( 28648) load[0m
[0;32mI (1052) esp_image: segment 3: paddr=00020020 vaddr=400d0020 size=0a6f0h ( 42736) map[0m
[0;32mI (1103) esp_image: segment 4: paddr=0002a718 vaddr=40086fe8 size=033f8h ( 13304) load[0m
[0;32mI (1148) esp_image: segment 5: paddr=0002db18 vaddr=50000000 size=00028h (    40) load[0m
[0;32mI (1287) boot: Loaded app from partition at offset 0x10000[0m
[0;32mI (1288) boot: Disabling RNG early entropy source...[0m
[0;32mI (1307) cpu_start: Multicore app[0m
[0;32mI (2296) cpu_start: GPIO 3 and 1 are used as console UART I/O pins[0m
[0;32mI (2299) cpu_start: Pro cpu start user code[0m
[0;32mI (2299) cpu_start: cpu freq: 160000000 Hz[0m
[0;32mI (2299) app_init: Application information:[0m
[0;32mI (2299) app_init: Project name:     db9[0m
[0;32mI (2299) app_init: App version:      fdccbe1-dirty[0m
[0;32mI (2299) app_init: Compile time:     Jul  2 2026 13:55:01[0m
[0;32mI (2299) app_init: ELF file SHA256:  6c380f5a3...[0m
[0;32mI (2299) app_init: ESP-IDF:          v6.0.2-dirty[0m
[0;32mI (2299) efuse_init: Min chip rev:     v0.0[0m
[0;32mI (2299) efuse_init: Max chip rev:     v3.99 [0m
[0;32mI (2299) efuse_init: Chip rev:         v3.0[0m
[0;32mI (2300) heap_init: Initializing. RAM available for dynamic allocation:[0m
[0;32mI (2301) heap_init: At 3FFAE6E0 len 00001920 (6 KiB): DRAM[0m
[0;32mI (2301) heap_init: At 3FFB3100 len 0002CF00 (179 KiB): DRAM[0m
[0;32mI (2301) heap_init: At 3FFE0440 len 00003AE0 (14 KiB): D/IRAM[0m
[0;32mI (2301) heap_init: At 3FFE4350 len 0001BCB0 (111 KiB): D/IRAM[0m
[0;32mI (2301) heap_init: At 4008A3E0 len 00015C20 (87 KiB): IRAM[0m
[0;32mI (2340) spi_flash: detected chip: winbond[0m
[0;32mI (2351) spi_flash: flash io: dio[0m
[0;32mI (2362) main_task: Started on CPU0[0m
[0;32mI (2362) main_task: Calling app_main()[0m

abort() was called at PC 0x400d3b3b on core 0


Backtrace: 0x40085ae1:0x3ffb42d0 0x40085aa9:0x3ffb42f0 0x40085745:0x3ffb4310 0x400d3b3b:0x3ffb4380 0x400d5cc6:0x3ffb43a0 0x400d3e52:0x3ffb43c0 0x400d36b9:0x3ffb43e0 0x400d8665:0x3ffb4410




ELF file SHA256: 6c380f5a3

Rebooting...
ets Jul 29 2019 12:21:46

rst:0xc (SW_CPU_RESET),boot:0x12 (SPI_FAST_FLASH_BOOT)
configsip: 0, SPIWP:0xee
clk_drv:0x00,q_drv:0x00,d_drv:0x00,cs0_drv:0x00,hd_drv:0x00,wp_drv:0x00
mode:DIO, clock div:2
load:0x3fff0040,len:6272
load:0x40078000,len:15820
load:0x40080400,len:3920
entry 0x40080644
[0;32mI (8115) boot: ESP-IDF v6.0.2-dirty 2nd stage bootloader[0m
[0;32mI (8115) boot: compile time Jul  2 2026 13:38:54[0m
[0;32mI (8115) boot: Multicore bootloader[0m
[0;32mI (8197) boot: chip revision: v3.0[0m
[0;32mI (8199) boot.esp32: SPI Speed      : 40MHz[0m
[0;32mI (8199) boot.esp32: SPI Mode       : DIO[0m
[0;32mI (8199) boot.esp32: SPI Flash Size : 2MB[0m
[0;32mI (8212) boot: Enabling RNG early entropy source...[0m
[0;32mI (8229) boot: Partition Table:[0m
[0;32mI (8229) boot: ## Label            Usage          Type ST Offset   Length[0m
[0;32mI (8229) boot:  0 nvs              WiFi data        01 02 00009000 00006000[0m
[0;32mI (8229) boot:  1 phy_init         RF data          01 01 0000f000 00001000[0m
[0;32mI (8229) boot:  2 factory          factory app      00 00 00010000 00100000[0m
[0;32mI (8238) boot: End of partition table[0m
[0;32mI (8330) esp_image: segment 0: paddr=00010020 vaddr=3f400020 size=06844h ( 26692) map[0m
[0;32mI (8377) esp_image: segment 1: paddr=0001686c vaddr=3ffb0000 size=027bch ( 10172) load[0m
[0;32mI (8420) esp_image: segment 2: paddr=00019030 vaddr=40080000 size=06fe8h ( 28648) load[0m
[0;32mI (8474) esp_image: segment 3: paddr=00020020 vaddr=400d0020 size=0a6f0h ( 42736) map[0m
[0;32mI (8519) esp_image: segment 4: paddr=0002a718 vaddr=40086fe8 size=033f8h ( 13304) load[0m
[0;32mI (8568) esp_image: segment 5: paddr=0002db18 vaddr=50000000 size=00028h (    40) load[0m
[0;32mI (8706) boot: Loaded app from partition at offset 0x10000[0m
[0;32mI (8707) boot: Disabling RNG early entropy source...[0m
[0;32mI (8728) cpu_start: Multicore app[0m
[0;32mI (10778) cpu_start: GPIO 3 and 1 are used as console UART I/O pins[0m
[0;32mI (10780) cpu_start: Pro cpu start user code[0m
[0;32mI (10780) cpu_start: cpu freq: 160000000 Hz[0m
[0;32mI (10780) app_init: Application information:[0m
[0;32mI (10780) app_init: Project name:     db9[0m
[0;32mI (10780) app_init: App version:      fdccbe1-dirty[0m
[0;32mI (10780) app_init: Compile time:     Jul  2 2026 13:55:01[0m
[0;32mI (10780) app_init: ELF file SHA256:  6c380f5a3...[0m
[0;32mI (10780) app_init: ESP-IDF:          v6.0.2-dirty[0m
[0;32mI (10780) efuse_init: Min chip rev:     v0.0[0m
[0;32mI (10780) efuse_init: Max chip rev:     v3.99 [0m
[0;32mI (10781) efuse_init: Chip rev:         v3.0[0m
[0;32mI (10782) heap_init: Initializing. RAM available for dynamic allocation:[0m
[0;32mI (10782) heap_init: At 3FFAE6E0 len 00001920 (6 KiB): DRAM[0m
[0;32mI (10783) heap_init: At 3FFB3100 len 0002CF00 (179 KiB): DRAM[0m
[0;32mI (10783) heap_init: At 3FFE0440 len 00003AE0 (14 KiB): D/IRAM[0m
[0;32mI (10783) heap_init: At 3FFE4350 len 0001BCB0 (111 KiB): D/IRAM[0m
[0;32mI (10783) heap_init: At 4008A3E0 len 00015C20 (87 KiB): IRAM[0m
[0;32mI (10822) spi_flash: detected chip: winbond[0m
[0;32mI (10830) spi_flash: flash io: dio[0m
[0;32mI (10841) main_task: Started on CPU0[0m
[0;32mI (10841) main_task: Calling app_main()[0m

abort() was called at PC 0x400d3b3b on core 0


Backtrace: 0x40085ae1:0x3ffb42d0 0x40085aa9:0x3ffb42f0 0x40085745:0x3ffb4310 0x400d3b3b:0x3ffb4380 0x400d5cc6:0x3ffb43a0 0x400d3e52:0x3ffb43c0 0x400d36b9:0x3ffb43e0 0x400d8665:0x3ffb4410




ELF file SHA256: 6c380f5a3

Rebooting...
ets Jul 29 2019 12:21:46

rst:0xc (SW_CPU_RESET),boot:0x12 (SPI_FAST_FLASH_BOOT)
configsip: 0, SPIWP:0xee
clk_drv:0x00,q_drv:0x00,d_drv:0x00,cs0_drv:0x00,hd_drv:0x00,wp_drv:0x00
mode:DIO, clock div:2
load:0x3fff0040,len:6272
load:0x40078000,len:15820
load:0x40080400,len:3920
entry 0x40080644
[0;32mI (39888) boot: ESP-IDF v6.0.2-dirty 2nd stage bootloader[0m
[0;32mI (39888) boot: compile time Jul  2 2026 13:38:54[0m
[0;32mI (39888) boot: Multicore bootloader[0m
[0;32mI (39966) boot: chip revision: v3.0[0m
[0;32mI (39967) boot.esp32: SPI Speed      : 40MHz[0m
[0;32mI (39968) boot.esp32: SPI Mode       : DIO[0m
[0;32mI (39968) boot.esp32: SPI Flash Size : 2MB[0m
[0;32mI (39980) boot: Enabling RNG early entropy source...[0m
[0;32mI (39993) boot: Partition Table:[0m
[0;32mI (39994) boot: ## Label            Usage          Type ST Offset   Length[0m
[0;32mI (39994) boot:  0 nvs              WiFi data        01 02 00009000 00006000[0m
[0;32mI (39994) boot:  1 phy_init         RF data          01 01 0000f000 00001000[0m
[0;32mI (39994) boot:  2 factory          factory app      00 00 00010000 00100000[0m
[0;32mI (40005) boot: End of partition table[0m
[0;32mI (40086) esp_image: segment 0: paddr=00010020 vaddr=3f400020 size=06844h ( 26692) map[0m
[0;32mI (40126) esp_image: segment 1: paddr=0001686c vaddr=3ffb0000 size=027bch ( 10172) load[0m
[0;32mI (40169) esp_image: segment 2: paddr=00019030 vaddr=40080000 size=06fe8h ( 28648) load[0m
[0;32mI (40221) esp_image: segment 3: paddr=00020020 vaddr=400d0020 size=0a6f0h ( 42736) map[0m
[0;32mI (40265) esp_image: segment 4: paddr=0002a718 vaddr=40086fe8 size=033f8h ( 13304) load[0m
[0;32mI (40309) esp_image: segment 5: paddr=0002db18 vaddr=50000000 size=00028h (    40) load[0m
[0;32mI (40467) boot: Loaded app from partition at offset 0x10000[0m
[0;32mI (40467) boot: Disabling RNG early entropy source...[0m
[0;32mI (40488) cpu_start: Multicore app[0m
[0;32mI (16732) cpu_start: GPIO 3 and 1 are used as console UART I/O pins[0m
[0;32mI (16734) cpu_start: Pro cpu start user code[0m
[0;32mI (16734) cpu_start: cpu freq: 160000000 Hz[0m
[0;32mI (16734) app_init: Application information:[0m
[0;32mI (16735) app_init: Project name:     db9[0m
[0;32mI (16735) app_init: App version:      fdccbe1-dirty[0m
[0;32mI (16735) app_init: Compile time:     Jul  2 2026 13:55:01[0m
[0;32mI (16735) app_init: ELF file SHA256:  6c380f5a3...[0m
[0;32mI (16735) app_init: ESP-IDF:          v6.0.2-dirty[0m
[0;32mI (16735) efuse_init: Min chip rev:     v0.0[0m
[0;32mI (16735) efuse_init: Max chip rev:     v3.99 [0m
[0;32mI (16736) efuse_init: Chip rev:         v3.0[0m
[0;32mI (16736) heap_init: Initializing. RAM available for dynamic allocation:[0m
[0;32mI (16737) heap_init: At 3FFAE6E0 len 00001920 (6 KiB): DRAM[0m
[0;32mI (16737) heap_init: At 3FFB3100 len 0002CF00 (179 KiB): DRAM[0m
[0;32mI (16737) heap_init: At 3FFE0440 len 00003AE0 (14 KiB): D/IRAM[0m
[0;32mI (16737) heap_init: At 3FFE4350 len 0001BCB0 (111 KiB): D/IRAM[0m
[0;32mI (16738) heap_init: At 4008A3E0 len 00015C20 (87 KiB): IRAM[0m
[0;32mI (16774) spi_flash: detected chip: winbond[0m
[0;32mI (16779) spi_flash: flash io: dio[0m
[0;32mI (16789) main_task: Started on CPU0[0m
[0;32mI (16789) main_task: Calling app_main()[0m

abort() was called at PC 0x400d3b3b on core 0


Backtrace: 0x40085ae1:0x3ffb42d0 0x40085aa9:0x3ffb42f0 0x40085745:0x3ffb4310 0x400d3b3b:0x3ffb4380 0x400d5cc6:0x3ffb43a0 0x400d3e52:0x3ffb43c0 0x400d36b9:0x3ffb43e0 0x400d8665:0x3ffb4410




ELF file SHA256: 6c380f5a3

Rebooting...
ets Jul 29 2019 12:21:46

rst:0xc (SW_CPU_RESET),boot:0x12 (SPI_FAST_FLASH_BOOT)
configsip: 0, SPIWP:0xee
clk_drv:0x00,q_drv:0x00,d_drv:0x00,cs0_drv:0x00,hd_drv:0x00,wp_drv:0x00
mode:DIO, clock div:2
load:0x3fff0040,len:6272
load:0x40078000,len:15820
load:0x40080400,len:3920
entry 0x40080644
[0;32mI (7935) boot: ESP-IDF v6.0.2-dirty 2nd stage bootloader[0m
[0;32mI (7936) boot: compile time Jul  2 2026 13:38:54[0m
[0;32mI (7936) boot: Multicore bootloader[0m
[0;32mI (8016) boot: chip revision: v3.0[0m
[0;32mI (8018) boot.esp32: SPI Speed      : 40MHz[0m
[0;32mI (8018) boot.esp32: SPI Mode       : DIO[0m
[0;32mI (8018) boot.esp32: SPI Flash Size : 2MB[0m
[0;32mI (8030) boot: Enabling RNG early entropy source...[0m
[0;32mI (8043) boot: Partition Table:[0m
[0;32mI (8043) boot: ## Label            Usage          Type ST Offset   Length[0m
[0;32mI (8043) boot:  0 nvs              WiFi data        01 02 00009000 00006000[0m
[0;32mI (8043) boot:  1 phy_init         RF data          01 01 0000f000 00001000[0m
[0;32mI (8043) boot:  2 factory          factory app      00 00 00010000 00100000[0m
[0;32mI (8053) boot: End of partition table[0m
[0;32mI (8136) esp_image: segment 0: paddr=00010020 vaddr=3f400020 size=06844h ( 26692) map[0m
[0;32mI (8178) esp_image: segment 1: paddr=0001686c vaddr=3ffb0000 size=027bch ( 10172) load[0m
[0;32mI (8223) esp_image: segment 2: paddr=00019030 vaddr=40080000 size=06fe8h ( 28648) load[0m
[0;32mI (8274) esp_image: segment 3: paddr=00020020 vaddr=400d0020 size=0a6f0h ( 42736) map[0m
[0;32mI (8321) esp_image: segment 4: paddr=0002a718 vaddr=40086fe8 size=033f8h ( 13304) load[0m
[0;32mI (8368) esp_image: segment 5: paddr=0002db18 vaddr=50000000 size=00028h (    40) load[0m
[0;32mI (8514) boot: Loaded app from partition at offset 0x10000[0m
[0;32mI (8514) boot: Disabling RNG early entropy source...[0m
[0;32mI (8537) cpu_start: Multicore app[0m
[0;32mI (12664) cpu_start: GPIO 3 and 1 are used as console UART I/O pins[0m
[0;32mI (12665) cpu_start: Pro cpu start user code[0m
[0;32mI (12666) cpu_start: cpu freq: 160000000 Hz[0m
[0;32mI (12666) app_init: Application information:[0m
[0;32mI (12666) app_init: Project name:     db9[0m
[0;32mI (12666) app_init: App version:      fdccbe1-dirty[0m
[0;32mI (12666) app_init: Compile time:     Jul  2 2026 13:55:01[0m
[0;32mI (12666) app_init: ELF file SHA256:  6c380f5a3...[0m
[0;32mI (12666) app_init: ESP-IDF:          v6.0.2-dirty[0m
[0;32mI (12666) efuse_init: Min chip rev:     v0.0[0m
[0;32mI (12666) efuse_init: Max chip rev:     v3.99 [0m
[0;32mI (12666) efuse_init: Chip rev:         v3.0[0m
[0;32mI (12667) heap_init: Initializing. RAM available for dynamic allocation:[0m
[0;32mI (12668) heap_init: At 3FFAE6E0 len 00001920 (6 KiB): DRAM[0m
[0;32mI (12668) heap_init: At 3FFB3100 len 0002CF00 (179 KiB): DRAM[0m
[0;32mI (12668) heap_init: At 3FFE0440 len 00003AE0 (14 KiB): D/IRAM[0m
[0;32mI (12668) heap_init: At 3FFE4350 len 0001BCB0 (111 KiB): D/IRAM[0m
[0;32mI (12669) heap_init: At 4008A3E0 len 00015C20 (87 KiB): IRAM[0m
[0;32mI (12704) spi_flash: detected chip: winbond[0m
[0;32mI (12709) spi_flash: flash io: dio[0m
[0;32mI (12723) main_task: Started on CPU0[0m
[0;32mI (12723) main_task: Calling app_main()[0m

abort() was called at PC 0x400d3b3b on core 0


Backtrace: 0x40085ae1:0x3ffb42d0 0x40085aa9:0x3ffb42f0 0x40085745:0x3ffb4310 0x400d3b3b:0x3ffb4380 0x400d5cc6:0x3ffb43a0 0x400d3e52:0x3ffb43c0 0x400d36b9:0x3ffb43e0 0x400d8665:0x3ffb4410




ELF file SHA256: 6c380f5a3

Rebooting...
ets Jul 29 2019 12:21:46

rst:0xc (SW_CPU_RESET),boot:0x12 (SPI_FAST_FLASH_BOOT)
configsip: 0, SPIWP:0xee
clk_drv:0x00,q_drv:0x00,d_drv:0x00,cs0_drv:0x00,hd_drv:0x00,wp_drv:0x00
mode:DIO, clock div:2
load:0x3fff0040,len:6272
load:0x40078000,len:15820
load:0x40080400,len:3920
entry 0x40080644
[0;32mI (43275) boot: ESP-IDF v6.0.2-dirty 2nd stage bootloader[0m
[0;32mI (43275) boot: compile time Jul  2 2026 13:38:54[0m
[0;32mI (43275) boot: Multicore bootloader[0m
[0;32mI (43356) boot: chip revision: v3.0[0m
[0;32mI (43358) boot.esp32: SPI Speed      : 40MHz[0m
[0;32mI (43358) boot.esp32: SPI Mode       : DIO[0m
[0;32mI (43358) boot.esp32: SPI Flash Size : 2MB[0m
[0;32mI (43371) boot: Enabling RNG early entropy source...[0m
[0;32mI (43385) boot: Partition Table:[0m
[0;32mI (43385) boot: ## Label            Usage          Type ST Offset   Length[0m
[0;32mI (43385) boot:  0 nvs              WiFi data        01 02 00009000 00006000[0m
[0;32mI (43385) boot:  1 phy_init         RF data          01 01 0000f000 00001000[0m
[0;32mI (43385) boot:  2 factory          factory app      00 00 00010000 00100000[0m
[0;32mI (43395) boot: End of partition table[0m
[0;32mI (43479) esp_image: segment 0: paddr=00010020 vaddr=3f400020 size=06844h ( 26692) map[0m
[0;32mI (43521) esp_image: segment 1: paddr=0001686c vaddr=3ffb0000 size=027bch ( 10172) load[0m
[0;32mI (43562) esp_image: segment 2: paddr=00019030 vaddr=40080000 size=06fe8h ( 28648) load[0m
[0;32mI (43618) esp_image: segment 3: paddr=00020020 vaddr=400d0020 size=0a6f0h ( 42736) map[0m
[0;32mI (43662) esp_image: segment 4: paddr=0002a718 vaddr=40086fe8 size=033f8h ( 13304) load[0m
[0;32mI (43707) esp_image: segment 5: paddr=0002db18 vaddr=50000000 size=00028h (    40) load[0m
[0;32mI (43862) boot: Loaded app from partition at offset 0x10000[0m
[0;32mI (43863) boot: Disabling RNG early entropy source...[0m
[0;32mI (43884) cpu_start: Multicore app[0m
[0;32mI (22212) cpu_start: GPIO 3 and 1 are used as console UART I/O pins[0m
[0;32mI (22214) cpu_start: Pro cpu start user code[0m
[0;32mI (22214) cpu_start: cpu freq: 160000000 Hz[0m
[0;32mI (22214) app_init: Application information:[0m
[0;32mI (22214) app_init: Project name:     db9[0m
[0;32mI (22214) app_init: App version:      fdccbe1-dirty[0m
[0;32mI (22214) app_init: Compile time:     Jul  2 2026 13:55:01[0m
[0;32mI (22215) app_init: ELF file SHA256:  6c380f5a3...[0m
[0;32mI (22215) app_init: ESP-IDF:          v6.0.2-dirty[0m
[0;32mI (22215) efuse_init: Min chip rev:     v0.0[0m
[0;32mI (22215) efuse_init: Max chip rev:     v3.99 [0m
[0;32mI (22215) efuse_init: Chip rev:         v3.0[0m
[0;32mI (22216) heap_init: Initializing. RAM available for dynamic allocation:[0m
[0;32mI (22216) heap_init: At 3FFAE6E0 len 00001920 (6 KiB): DRAM[0m
[0;32mI (22216) heap_init: At 3FFB3100 len 0002CF00 (179 KiB): DRAM[0m
[0;32mI (22216) heap_init: At 3FFE0440 len 00003AE0 (14 KiB): D/IRAM[0m
[0;32mI (22216) heap_init: At 3FFE4350 len 0001BCB0 (111 KiB): D/IRAM[0m
[0;32mI (22217) heap_init: At 4008A3E0 len 00015C20 (87 KiB): IRAM[0m
[0;32mI (22251) spi_flash: detected chip: winbond[0m
[0;32mI (22255) spi_flash: flash io: dio[0m
[0;32mI (22268) main_task: Started on CPU0[0m
[0;32mI (22268) main_task: Calling app_main()[0m

abort() was called at PC 0x400d3b3b on core 0


Backtrace: 0x40085ae1:0x3ffb42d0 0x40085aa9:0x3ffb42f0 0x40085745:0x3ffb4310 0x400d3b3b:0x3ffb4380 0x400d5cc6:0x3ffb43a0 0x400d3e52:0x3ffb43c0 0x400d36b9:0x3ffb43e0 0x400d8665:0x3ffb4410




ELF file SHA256: 6c380f5a3

Rebooting...
ets Jul 29 2019 12:21:46

rst:0xc (SW_CPU_RESET),boot:0x12 (SPI_FAST_FLASH_BOOT)
configsip: 0, SPIWP:0xee
clk_drv:0x00,q_drv:0x00,d_drv:0x00,cs0_drv:0x00,hd_drv:0x00,wp_drv:0x00
mode:DIO, clock div:2
load:0x3fff0040,len:6272
load:0x40078000,len:15820
load:0x40080400,len:3920
entry 0x40080644
[0;32mI (25681) boot: ESP-IDF v6.0.2-dirty 2nd stage bootloader[0m
[0;32mI (25681) boot: compile time Jul  2 2026 13:38:54[0m
[0;32mI (25681) boot: Multicore bootloader[0m
[0;32mI (25761) boot: chip revision: v3.0[0m
[0;32mI (25763) boot.esp32: SPI Speed      : 40MHz[0m
[0;32mI (25763) boot.esp32: SPI Mode       : DIO[0m
[0;32mI (25763) boot.esp32: SPI Flash Size : 2MB[0m
[0;32mI (25777) boot: Enabling RNG early entropy source...[0m
[0;32mI (25790) boot: Partition Table:[0m
[0;32mI (25790) boot: ## Label            Usage          Type ST Offset   Length[0m
[0;32mI (25790) boot:  0 nvs              WiFi data        01 02 00009000 00006000[0m
[0;32mI (25790) boot:  1 phy_init         RF data          01 01 0000f000 00001000[0m
[0;32mI (25790) boot:  2 factory          factory app      00 00 00010000 00100000[0m
[0;32mI (25799) boot: End of partition table[0m
[0;32mI (25882) esp_image: segment 0: paddr=00010020 vaddr=3f400020 size=06844h ( 26692) map[0m
[0;32mI (25924) esp_image: segment 1: paddr=0001686c vaddr=3ffb0000 size=027bch ( 10172) load[0m
[0;32mI (25967) esp_image: segment 2: paddr=00019030 vaddr=40080000 size=06fe8h ( 28648) load[0m
[0;32mI (26023) esp_image: segment 3: paddr=00020020 vaddr=400d0020 size=0a6f0h ( 42736) map[0m
[0;32mI (26075) esp_image: segment 4: paddr=0002a718 vaddr=40086fe8 size=033f8h ( 13304) load[0m
[0;32mI (26124) esp_image: segment 5: paddr=0002db18 vaddr=50000000 size=00028h (    40) load[0m
[0;32mI (26286) boot: Loaded app from partition at offset 0x10000[0m
[0;32mI (26286) boot: Disabling RNG early entropy source...[0m
[0;32mI (26309) cpu_start: Multicore app[0m
[0;32mI (5698) cpu_start: GPIO 3 and 1 are used as console UART I/O pins[0m
[0;32mI (5699) cpu_start: Pro cpu start user code[0m
[0;32mI (5699) cpu_start: cpu freq: 160000000 Hz[0m
[0;32mI (5699) app_init: Application information:[0m
[0;32mI (5700) app_init: Project name:     db9[0m
[0;32mI (5700) app_init: App version:      fdccbe1-dirty[0m
[0;32mI (5700) app_init: Compile time:     Jul  2 2026 13:55:01[0m
[0;32mI (5700) app_init: ELF file SHA256:  6c380f5a3...[0m
[0;32mI (5700) app_init: ESP-IDF:          v6.0.2-dirty[0m
[0;32mI (5700) efuse_init: Min chip rev:     v0.0[0m
[0;32mI (5700) efuse_init: Max chip rev:     v3.99 [0m
[0;32mI (5700) efuse_init: Chip rev:         v3.0[0m
[0;32mI (5701) heap_init: Initializing. RAM available for dynamic allocation:[0m
[0;32mI (5701) heap_init: At 3FFAE6E0 len 00001920 (6 KiB): DRAM[0m
[0;32mI (5702) heap_init: At 3FFB3100 len 0002CF00 (179 KiB): DRAM[0m
[0;32mI (5702) heap_init: At 3FFE0440 len 00003AE0 (14 KiB): D/IRAM[0m
[0;32mI (5702) heap_init: At 3FFE4350 len 0001BCB0 (111 KiB): D/IRAM[0m
[0;32mI (5702) heap_init: At 4008A3E0 len 00015C20 (87 KiB): IRAM[0m
[0;32mI (5739) spi_flash: detected chip: winbond[0m
[0;32mI (5743) spi_flash: flash io: dio[0m
[0;32mI (5760) main_task: Started on CPU0[0m
[0;32mI (5760) main_task: Calling app_main()[0m

abort() was called at PC 0x400d3b3b on core 0


Backtrace: 0x40085ae1:0x3ffb42d0 0x40085aa9:0x3ffb42f0 0x40085745:0x3ffb4310 0x400d3b3b:0x3ffb4380 0x400d5cc6:0x3ffb43a0 0x400d3e52:0x3ffb43c0 0x400d36b9:0x3ffb43e0 0x400d8665:0x3ffb4410




ELF file SHA256: 6c380f5a3

Rebooting...
ets Jul 29 2019 12:21:46

rst:0xc (SW_CPU_RESET),boot:0x12 (SPI_FAST_FLASH_BOOT)
configsip: 0, SPIWP:0xee
clk_drv:0x00,q_drv:0x00,d_drv:0x00,cs0_drv:0x00,hd_drv:0x00,wp_drv:0x00
mode:DIO, clock div:2
load:0x3fff0040,len:6272
load:0x40078000,len:15820
load:0x40080400,len:3920
entry 0x40080644
[0;32mI (11215) boot: ESP-IDF v6.0.2-dirty 2nd stage bootloader[0m
[0;32mI (11216) boot: compile time Jul  2 2026 13:38:54[0m
[0;32mI (11216) boot: Multicore bootloader[0m
[0;32mI (11302) boot: chip revision: v3.0[0m
[0;32mI (11303) boot.esp32: SPI Speed      : 40MHz[0m
[0;32mI (11304) boot.esp32: SPI Mode       : DIO[0m
[0;32mI (11304) boot.esp32: SPI Flash Size : 2MB[0m
[0;32mI (11318) boot: Enabling RNG early entropy source...[0m
[0;32mI (11332) boot: Partition Table:[0m
[0;32mI (11333) boot: ## Label            Usage          Type ST Offset   Length[0m
[0;32mI (11333) boot:  0 nvs              WiFi data        01 02 00009000 00006000[0m
[0;32mI (11333) boot:  1 phy_init         RF data          01 01 0000f000 00001000[0m
[0;32mI (11333) boot:  2 factory          factory app      00 00 00010000 00100000[0m
[0;32mI (11342) boot: End of partition table[0m
[0;32mI (11432) esp_image: segment 0: paddr=00010020 vaddr=3f400020 size=06844h ( 26692) map[0m
[0;32mI (11476) esp_image: segment 1: paddr=0001686c vaddr=3ffb0000 size=027bch ( 10172) load[0m
[0;32mI (11521) esp_image: segment 2: paddr=00019030 vaddr=40080000 size=06fe8h ( 28648) load[0m
[0;32mI (11573) esp_image: segment 3: paddr=00020020 vaddr=400d0020 size=0a6f0h ( 42736) map[0m
[0;32mI (11619) esp_image: segment 4: paddr=0002a718 vaddr=40086fe8 size=033f8h ( 13304) load[0m
[0;32mI (11667) esp_image: segment 5: paddr=0002db18 vaddr=50000000 size=00028h (    40) load[0m
[0;32mI (11825) boot: Loaded app from partition at offset 0x10000[0m
[0;32mI (11826) boot: Disabling RNG early entropy source...[0m
[0;32mI (11847) cpu_start: Multicore app[0m
[0;32mI (19155) cpu_start: GPIO 3 and 1 are used as console UART I/O pins[0m
[0;32mI (19157) cpu_start: Pro cpu start user code[0m
[0;32mI (19157) cpu_start: cpu freq: 160000000 Hz[0m
[0;32mI (19157) app_init: Application information:[0m
[0;32mI (19157) app_init: Project name:     db9[0m
[0;32mI (19157) app_init: App version:      fdccbe1-dirty[0m
[0;32mI (19157) app_init: Compile time:     Jul  2 2026 13:55:01[0m
[0;32mI (19158) app_init: ELF file SHA256:  6c380f5a3...[0m
[0;32mI (19158) app_init: ESP-IDF:          v6.0.2-dirty[0m
[0;32mI (19158) efuse_init: Min chip rev:     v0.0[0m
[0;32mI (19158) efuse_init: Max chip rev:     v3.99 [0m
[0;32mI (19158) efuse_init: Chip rev:         v3.0[0m
[0;32mI (19159) heap_init: Initializing. RAM available for dynamic allocation:[0m
[0;32mI (19159) heap_init: At 3FFAE6E0 len 00001920 (6 KiB): DRAM[0m
[0;32mI (19159) heap_init: At 3FFB3100 len 0002CF00 (179 KiB): DRAM[0m
[0;32mI (19159) heap_init: At 3FFE0440 len 00003AE0 (14 KiB): D/IRAM[0m
[0;32mI (19159) heap_init: At 3FFE4350 len 0001BCB0 (111 KiB): D/IRAM[0m
[0;32mI (19160) heap_init: At 4008A3E0 len 00015C20 (87 KiB): IRAM[0m
[0;32mI (19201) spi_flash: detected chip: winbond[0m
[0;32mI (19211) spi_flash: flash io: dio[0m
[0;32mI (19224) main_task: Started on CPU0[0m
[0;32mI (19224) main_task: Calling app_main()[0m

abort() was called at PC 0x400d3b3b on core 0


Backtrace: 0x40085ae1:0x3ffb42d0 0x40085aa9:0x3ffb42f0 0x40085745:0x3ffb4310 0x400d3b3b:0x3ffb4380 0x400d5cc6:0x3ffb43a0 0x400d3e52:0x3ffb43c0 0x400d36b9:0x3ffb43e0 0x400d8665:0x3ffb4410




ELF file SHA256: 6c380f5a3

Rebooting...
ets Jul 29 2019 12:21:46

rst:0xc (SW_CPU_RESET),boot:0x12 (SPI_FAST_FLASH_BOOT)
configsip: 0, SPIWP:0xee
clk_drv:0x00,q_drv:0x00,d_drv:0x00,cs0_drv:0x00,hd_drv:0x00,wp_drv:0x00
mode:DIO, clock div:2
load:0x3fff0040,len:6272
load:0x40078000,len:15820
load:0x40080400,len:3920
entry 0x40080644
[0;32mI (9221) boot: ESP-IDF v6.0.2-dirty 2nd stage bootloader[0m
[0;32mI (9221) boot: compile time Jul  2 2026 13:38:54[0m
[0;32mI (9221) boot: Multicore bootloader[0m
[0;32mI (9310) boot: chip revision: v3.0[0m
[0;32mI (9312) boot.esp32: SPI Speed      : 40MHz[0m
[0;32mI (9312) boot.esp32: SPI Mode       : DIO[0m
[0;32mI (9312) boot.esp32: SPI Flash Size : 2MB[0m
[0;32mI (9325) boot: Enabling RNG early entropy source...[0m
[0;32mI (9339) boot: Partition Table:[0m
[0;32mI (9339) boot: ## Label            Usage          Type ST Offset   Length[0m
[0;32mI (9339) boot:  0 nvs              WiFi data        01 02 00009000 00006000[0m
[0;32mI (9339) boot:  1 phy_init         RF data          01 01 0000f000 00001000[0m
[0;32mI (9340) boot:  2 factory          factory app      00 00 00010000 00100000[0m
[0;32mI (9350) boot: End of partition table[0m
[0;32mI (9442) esp_image: segment 0: paddr=00010020 vaddr=3f400020 size=06844h ( 26692) map[0m
[0;32mI (9494) esp_image: segment 1: paddr=0001686c vaddr=3ffb0000 size=027bch ( 10172) load[0m
[0;32mI (9540) esp_image: segment 2: paddr=00019030 vaddr=40080000 size=06fe8h ( 28648) load[0m
[0;32mI (9598) esp_image: segment 3: paddr=00020020 vaddr=400d0020 size=0a6f0h ( 42736) map[0m
[0;32mI (9645) esp_image: segment 4: paddr=0002a718 vaddr=40086fe8 size=033f8h ( 13304) load[0m
[0;32mI (9696) esp_image: segment 5: paddr=0002db18 vaddr=50000000 size=00028h (    40) load[0m
[0;32mI (9841) boot: Loaded app from partition at offset 0x10000[0m
[0;32mI (9841) boot: Disabling RNG early entropy source...[0m
[0;32mI (9862) cpu_start: Multicore app[0m
[0;32mI (18264) cpu_start: GPIO 3 and 1 are used as console UART I/O pins[0m
[0;32mI (18266) cpu_start: Pro cpu start user code[0m
[0;32mI (18267) cpu_start: cpu freq: 160000000 Hz[0m
[0;32mI (18267) app_init: Application information:[0m
[0;32mI (18267) app_init: Project name:     db9[0m
[0;32mI (18267) app_init: App version:      fdccbe1-dirty[0m
[0;32mI (18267) app_init: Compile time:     Jul  2 2026 13:55:01[0m
[0;32mI (18268) app_init: ELF file SHA256:  6c380f5a3...[0m
[0;32mI (18268) app_init: ESP-IDF:          v6.0.2-dirty[0m
[0;32mI (18268) efuse_init: Min chip rev:     v0.0[0m
[0;32mI (18268) efuse_init: Max chip rev:     v3.99 [0m
[0;32mI (18268) efuse_init: Chip rev:         v3.0[0m
[0;32mI (18269) heap_init: Initializing. RAM available for dynamic allocation:[0m
[0;32mI (18270) heap_init: At 3FFAE6E0 len 00001920 (6 KiB): DRAM[0m
[0;32mI (18270) heap_init: At 3FFB3100 len 0002CF00 (179 KiB): DRAM[0m
[0;32mI (18270) heap_init: At 3FFE0440 len 00003AE0 (14 KiB): D/IRAM[0m
[0;32mI (18270) heap_init: At 3FFE4350 len 0001BCB0 (111 KiB): D/IRAM[0m
[0;32mI (18270) heap_init: At 4008A3E0 len 00015C20 (87 KiB): IRAM[0m
[0;32mI (18309) spi_flash: detected chip: winbond[0m
[0;32mI (18318) spi_flash: flash io: dio[0m
[0;32mI (18328) main_task: Started on CPU0[0m
[0;32mI (18328) main_task: Calling app_main()[0m

abort() was called at PC 0x400d3b3b on core 0


Backtrace: 0x40085ae1:0x3ffb42d0 0x40085aa9:0x3ffb42f0 0x40085745:0x3ffb4310 0x400d3b3b:0x3ffb4380 0x400d5cc6:0x3ffb43a0 0x400d3e52:0x3ffb43c0 0x400d36b9:0x3ffb43e0 0x400d8665:0x3ffb4410




ELF file SHA256: 6c380f5a3

Rebooting...
ets Jul 29 2019 12:21:46

rst:0xc (SW_CPU_RESET),boot:0x12 (SPI_FAST_FLASH_BOOT)
configsip: 0, SPIWP:0xee
clk_drv:0x00,q_drv:0x00,d_drv:0x00,cs0_drv:0x00,hd_drv:0x00,wp_drv:0x00
mode:DIO, clock div:2
load:0x3fff0040,len:6272
load:0x40078000,len:15820
load:0x40080400,len:3920
entry 0x40080644
[0;32mI (3450) boot: ESP-IDF v6.0.2-dirty 2nd stage bootloader[0m
[0;32mI (3450) boot: compile time Jul  2 2026 13:38:54[0m
[0;32mI (3450) boot: Multicore bootloader[0m
[0;32mI (3533) boot: chip revision: v3.0[0m
[0;32mI (3534) boot.esp32: SPI Speed      : 40MHz[0m
[0;32mI (3535) boot.esp32: SPI Mode       : DIO[0m
[0;32mI (3535) boot.esp32: SPI Flash Size : 2MB[0m
[0;32mI (3547) boot: Enabling RNG early entropy source...[0m
[0;32mI (3563) boot: Partition Table:[0m
[0;32mI (3563) boot: ## Label            Usage          Type ST Offset   Length[0m
[0;32mI (3563) boot:  0 nvs              WiFi data        01 02 00009000 00006000[0m
[0;32mI (3563) boot:  1 phy_init         RF data          01 01 0000f000 00001000[0m
[0;32mI (3563) boot:  2 factory          factory app      00 00 00010000 00100000[0m
[0;32mI (3573) boot: End of partition table[0m
[0;32mI (3662) esp_image: segment 0: paddr=00010020 vaddr=3f400020 size=06844h ( 26692) map[0m
[0;32mI (3705) esp_image: segment 1: paddr=0001686c vaddr=3ffb0000 size=027bch ( 10172) load[0m
[0;32mI (3750) esp_image: segment 2: paddr=00019030 vaddr=40080000 size=06fe8h ( 28648) load[0m
[0;32mI (3807) esp_image: segment 3: paddr=00020020 vaddr=400d0020 size=0a6f0h ( 42736) map[0m
[0;32mI (3855) esp_image: segment 4: paddr=0002a718 vaddr=40086fe8 size=033f8h ( 13304) load[0m
[0;32mI (3907) esp_image: segment 5: paddr=0002db18 vaddr=50000000 size=00028h (    40) load[0m
[0;32mI (4045) boot: Loaded app from partition at offset 0x10000[0m
[0;32mI (4045) boot: Disabling RNG early entropy source...[0m
[0;32mI (4068) cpu_start: Multicore app[0m
[0;32mI (13535) cpu_start: GPIO 3 and 1 are used as console UART I/O pins[0m
[0;32mI (13537) cpu_start: Pro cpu start user code[0m
[0;32mI (13537) cpu_start: cpu freq: 160000000 Hz[0m
[0;32mI (13537) app_init: Application information:[0m
[0;32mI (13538) app_init: Project name:     db9[0m
[0;32mI (13538) app_init: App version:      fdccbe1-dirty[0m
[0;32mI (13538) app_init: Compile time:     Jul  2 2026 13:55:01[0m
[0;32mI (13538) app_init: ELF file SHA256:  6c380f5a3...[0m
[0;32mI (13538) app_init: ESP-IDF:          v6.0.2-dirty[0m
[0;32mI (13538) efuse_init: Min chip rev:     v0.0[0m
[0;32mI (13538) efuse_init: Max chip rev:     v3.99 [0m
[0;32mI (13538) efuse_init: Chip rev:         v3.0[0m
[0;32mI (13539) heap_init: Initializing. RAM available for dynamic allocation:[0m
[0;32mI (13540) heap_init: At 3FFAE6E0 len 00001920 (6 KiB): DRAM[0m
[0;32mI (13540) heap_init: At 3FFB3100 len 0002CF00 (179 KiB): DRAM[0m
[0;32mI (13540) heap_init: At 3FFE0440 len 00003AE0 (14 KiB): D/IRAM[0m
[0;32mI (13540) heap_init: At 3FFE4350 len 0001BCB0 (111 KiB): D/IRAM[0m
[0;32mI (13541) heap_init: At 4008A3E0 len 00015C20 (87 KiB): IRAM[0m
[0;32mI (13576) spi_flash: detected chip: winbond[0m
[0;32mI (13584) spi_flash: flash io: dio[0m
[0;32mI (13595) main_task: Started on CPU0[0m
[0;32mI (13595) main_task: Calling app_main()[0m

abort() was called at PC 0x400d3b3b on core 0


Backtrace: 0x40085ae1:0x3ffb42d0 0x40085aa9:0x3ffb42f0 0x40085745:0x3ffb4310 0x400d3b3b:0x3ffb4380 0x400d5cc6:0x3ffb43a0 0x400d3e52:0x3ffb43c0 0x400d36b9:0x3ffb43e0 0x400d8665:0x3ffb4410




ELF file SHA256: 6c380f5a3

Rebooting...
ets Jul 29 2019 12:21:46

rst:0xc (SW_CPU_RESET),boot:0x12 (SPI_FAST_FLASH_BOOT)
configsip: 0, SPIWP:0xee
clk_drv:0x00,q_drv:0x00,d_drv:0x00,cs0_drv:0x00,hd_drv:0x00,wp_drv:0x00
mode:DIO, clock div:2
load:0x3fff0040,len:6272
load:0x40078000,len:15820
load:0x40080400,len:3920
entry 0x40080644
[0;32mI (36096) boot: ESP-IDF v6.0.2-dirty 2nd stage bootloader[0m
[0;32mI (36096) boot: compile time Jul  2 2026 13:38:54[0m
[0;32mI (36096) boot: Multicore bootloader[0m
[0;32mI (36176) boot: chip revision: v3.0[0m
[0;32mI (36177) boot.esp32: SPI Speed      : 40MHz[0m
[0;32mI (36177) boot.esp32: SPI Mode       : DIO[0m
[0;32mI (36178) boot.esp32: SPI Flash Size : 2MB[0m
[0;32mI (36191) boot: Enabling RNG early entropy source...[0m
[0;32mI (36205) boot: Partition Table:[0m
[0;32mI (36205) boot: ## Label            Usage          Type ST Offset   Length[0m
[0;32mI (36206) boot:  0 nvs              WiFi data        01 02 00009000 00006000[0m
[0;32mI (36206) boot:  1 phy_init         RF data          01 01 0000f000 00001000[0m
[0;32mI (36206) boot:  2 factory          factory app      00 00 00010000 00100000[0m
[0;32mI (36217) boot: End of partition table[0m
[0;32mI (36305) esp_image: segment 0: paddr=00010020 vaddr=3f400020 size=06844h ( 26692) map[0m
[0;32mI (36348) esp_image: segment 1: paddr=0001686c vaddr=3ffb0000 size=027bch ( 10172) load[0m
[0;32mI (36392) esp_image: segment 2: paddr=00019030 vaddr=40080000 size=06fe8h ( 28648) load[0m
[0;32mI (36447) esp_image: segment 3: paddr=00020020 vaddr=400d0020 size=0a6f0h ( 42736) map[0m
[0;32mI (36496) esp_image: segment 4: paddr=0002a718 vaddr=40086fe8 size=033f8h ( 13304) load[0m
[0;32mI (36543) esp_image: segment 5: paddr=0002db18 vaddr=50000000 size=00028h (    40) load[0m
[0;32mI (36692) boot: Loaded app from partition at offset 0x10000[0m
[0;32mI (36693) boot: Disabling RNG early entropy source...[0m
[0;32mI (36717) cpu_start: Multicore app[0m
[0;32mI (20403) cpu_start: GPIO 3 and 1 are used as console UART I/O pins[0m
[0;32mI (20405) cpu_start: Pro cpu start user code[0m
[0;32mI (20405) cpu_start: cpu freq: 160000000 Hz[0m
[0;32mI (20406) app_init: Application information:[0m
[0;32mI (20406) app_init: Project name:     db9[0m
[0;32mI (20406) app_init: App version:      fdccbe1-dirty[0m
[0;32mI (20406) app_init: Compile time:     Jul  2 2026 13:55:01[0m
[0;32mI (20406) app_init: ELF file SHA256:  6c380f5a3...[0m
[0;32mI (20406) app_init: ESP-IDF:          v6.0.2-dirty[0m
[0;32mI (20406) efuse_init: Min chip rev:     v0.0[0m
[0;32mI (20406) efuse_init: Max chip rev:     v3.99 [0m
[0;32mI (20406) efuse_init: Chip rev:         v3.0[0m
[0;32mI (20407) heap_init: Initializing. RAM available for dynamic allocation:[0m
[0;32mI (20408) heap_init: At 3FFAE6E0 len 00001920 (6 KiB): DRAM[0m
[0;32mI (20408) heap_init: At 3FFB3100 len 0002CF00 (179 KiB): DRAM[0m
[0;32mI (20408) heap_init: At 3FFE0440 len 00003AE0 (14 KiB): D/IRAM[0m
[0;32mI (20408) heap_init: At 3FFE4350 len 0001BCB0 (111 KiB): D/IRAM[0m
[0;32mI (20408) heap_init: At 4008A3E0 len 00015C20 (87 KiB): IRAM[0m
[0;32mI (20444) spi_flash: detected chip: winbond[0m
[0;32mI (20449) spi_flash: flash io: dio[0m
[0;32mI (20463) main_task: Started on CPU0[0m
[0;32mI (20463) main_task: Calling app_main()[0m

abort() was called at PC 0x400d3b3b on core 0


Backtrace: 0x40085ae1:0x3ffb42d0 0x40085aa9:0x3ffb42f0 0x40085745:0x3ffb4310 0x400d3b3b:0x3ffb4380 0x400d5cc6:0x3ffb43a0 0x400d3e52:0x3ffb43c0 0x400d36b9:0x3ffb43e0 0x400d8665:0x3ffb4410




ELF file SHA256: 6c380f5a3

Rebooting...
ets Jul 29 2019 12:21:46

rst:0xc (SW_CPU_RESET),boot:0x12 (SPI_FAST_FLASH_BOOT)
configsip: 0, SPIWP:0xee
clk_drv:0x00,q_drv:0x00,d_drv:0x00,cs0_drv:0x00,hd_drv:0x00,wp_drv:0x00
mode:DIO, clock div:2
load:0x3fff0040,len:6272
load:0x40078000,len:15820
load:0x40080400,len:3920
entry 0x40080644
[0;32mI (7754) boot: ESP-IDF v6.0.2-dirty 2nd stage bootloader[0m
[0;32mI (7754) boot: compile time Jul  2 2026 13:38:54[0m
[0;32mI (7754) boot: Multicore bootloader[0m
[0;32mI (7839) boot: chip revision: v3.0[0m
[0;32mI (7841) boot.esp32: SPI Speed      : 40MHz[0m
[0;32mI (7841) boot.esp32: SPI Mode       : DIO[0m
[0;32mI (7841) boot.esp32: SPI Flash Size : 2MB[0m
[0;32mI (7855) boot: Enabling RNG early entropy source...[0m
[0;32mI (7870) boot: Partition Table:[0m
[0;32mI (7870) boot: ## Label            Usage          Type ST Offset   Length[0m
[0;32mI (7870) boot:  0 nvs              WiFi data        01 02 00009000 00006000[0m
[0;32mI (7870) boot:  1 phy_init         RF data          01 01 0000f000 00001000[0m
[0;32mI (7870) boot:  2 factory          factory app      00 00 00010000 00100000[0m
[0;32mI (7880) boot: End of partition table[0m
[0;32mI (7976) esp_image: segment 0: paddr=00010020 vaddr=3f400020 size=06844h ( 26692) map[0m
[0;32mI (8021) esp_image: segment 1: paddr=0001686c vaddr=3ffb0000 size=027bch ( 10172) load[0m
[0;32mI (8066) esp_image: segment 2: paddr=00019030 vaddr=40080000 size=06fe8h ( 28648) load[0m
[0;32mI (8126) esp_image: segment 3: paddr=00020020 vaddr=400d0020 size=0a6f0h ( 42736) map[0m
[0;32mI (8178) esp_image: segment 4: paddr=0002a718 vaddr=40086fe8 size=033f8h ( 13304) load[0m
[0;32mI (8226) esp_image: segment 5: paddr=0002db18 vaddr=50000000 size=00028h (    40) load[0m
[0;32mI (8384) boot: Loaded app from partition at offset 0x10000[0m
[0;32mI (8384) boot: Disabling RNG early entropy source...[0m
[0;32mI (8406) cpu_start: Multicore app[0m
[0;32mI (20034) cpu_start: GPIO 3 and 1 are used as console UART I/O pins[0m
[0;32mI (20036) cpu_start: Pro cpu start user code[0m
[0;32mI (20037) cpu_start: cpu freq: 160000000 Hz[0m
[0;32mI (20037) app_init: Application information:[0m
[0;32mI (20037) app_init: Project name:     db9[0m
[0;32mI (20037) app_init: App version:      fdccbe1-dirty[0m
[0;32mI (20037) app_init: Compile time:     Jul  2 2026 13:55:01[0m
[0;32mI (20037) app_init: ELF file SHA256:  6c380f5a3...[0m
[0;32mI (20037) app_init: ESP-IDF:          v6.0.2-dirty[0m
[0;32mI (20037) efuse_init: Min chip rev:     v0.0[0m
[0;32mI (20037) efuse_init: Max chip rev:     v3.99 [0m
[0;32mI (20037) efuse_init: Chip rev:         v3.0[0m
[0;32mI (20038) heap_init: Initializing. RAM available for dynamic allocation:[0m
[0;32mI (20039) heap_init: At 3FFAE6E0 len 00001920 (6 KiB): DRAM[0m
[0;32mI (20039) heap_init: At 3FFB3100 len 0002CF00 (179 KiB): DRAM[0m
[0;32mI (20039) heap_init: At 3FFE0440 len 00003AE0 (14 KiB): D/IRAM[0m
[0;32mI (20039) heap_init: At 3FFE4350 len 0001BCB0 (111 KiB): D/IRAM[0m
[0;32mI (20039) heap_init: At 4008A3E0 len 00015C20 (87 KiB): IRAM[0m
[0;32mI (20078) spi_flash: detected chip: winbond[0m
[0;32mI (20084) spi_flash: flash io: dio[0m
[0;32mI (20100) main_task: Started on CPU0[0m
[0;32mI (20100) main_task: Calling app_main()[0m

abort() was called at PC 0x400d3b3b on core 0


Backtrace: 0x40085ae1:0x3ffb42d0 0x40085aa9:0x3ffb42f0 0x40085745:0x3ffb4310 0x400d3b3b:0x3ffb4380 0x400d5cc6:0x3ffb43a0 0x400d3e52:0x3ffb43c0 0x400d36b9:0x3ffb43e0 0x400d8665:0x3ffb4410




ELF file SHA256: 6c380f5a3

Rebooting...
ets Jul 29 2019 12:21:46

rst:0xc (SW_CPU_RESET),boot:0x12 (SPI_FAST_FLASH_BOOT)
configsip: 0, SPIWP:0xee
clk_drv:0x00,q_drv:0x00,d_drv:0x00,cs0_drv:0x00,hd_drv:0x00,wp_drv:0x00
mode:DIO, clock div:2
load:0x3fff0040,len:6272
load:0x40078000,len:15820
load:0x40080400,len:3920
entry 0x40080644
[0;32mI (4095) boot: ESP-IDF v6.0.2-dirty 2nd stage bootloader[0m
[0;32mI (4095) boot: compile time Jul  2 2026 13:38:54[0m
[0;32mI (4095) boot: Multicore bootloader[0m
[0;32mI (4180) boot: chip revision: v3.0[0m
[0;32mI (4182) boot.esp32: SPI Speed      : 40MHz[0m
[0;32mI (4182) boot.esp32: SPI Mode       : DIO[0m
[0;32mI (4182) boot.esp32: SPI Flash Size : 2MB[0m
[0;32mI (4195) boot: Enabling RNG early entropy source...[0m
[0;32mI (4211) boot: Partition Table:[0m
[0;32mI (4212) boot: ## Label            Usage          Type ST Offset   Length[0m
[0;32mI (4212) boot:  0 nvs              WiFi data        01 02 00009000 00006000[0m
[0;32mI (4212) boot:  1 phy_init         RF data          01 01 0000f000 00001000[0m
[0;32mI (4212) boot:  2 factory          factory app      00 00 00010000 00100000[0m
[0;32mI (4222) boot: End of partition table[0m
[0;32mI (4321) esp_image: segment 0: paddr=00010020 vaddr=3f400020 size=06844h ( 26692) map[0m
[0;32mI (4367) esp_image: segment 1: paddr=0001686c vaddr=3ffb0000 size=027bch ( 10172) load[0m
[0;32mI (4414) esp_image: segment 2: paddr=00019030 vaddr=40080000 size=06fe8h ( 28648) load[0m
[0;32mI (4476) esp_image: segment 3: paddr=00020020 vaddr=400d0020 size=0a6f0h ( 42736) map[0m
[0;32mI (4530) esp_image: segment 4: paddr=0002a718 vaddr=40086fe8 size=033f8h ( 13304) load[0m
[0;32mI (4580) esp_image: segment 5: paddr=0002db18 vaddr=50000000 size=00028h (    40) load[0m
[0;32mI (4746) boot: Loaded app from partition at offset 0x10000[0m
[0;32mI (4746) boot: Disabling RNG early entropy source...[0m
[0;32mI (4771) cpu_start: Multicore app[0m
[0;32mI (17528) cpu_start: GPIO 3 and 1 are used as console UART I/O pins[0m
[0;32mI (17529) cpu_start: Pro cpu start user code[0m
[0;32mI (17529) cpu_start: cpu freq: 160000000 Hz[0m
[0;32mI (17529) app_init: Application information:[0m
[0;32mI (17529) app_init: Project name:     db9[0m
[0;32mI (17529) app_init: App version:      fdccbe1-dirty[0m
[0;32mI (17529) app_init: Compile time:     Jul  2 2026 13:55:01[0m
[0;32mI (17530) app_init: ELF file SHA256:  6c380f5a3...[0m
[0;32mI (17530) app_init: ESP-IDF:          v6.0.2-dirty[0m
[0;32mI (17530) efuse_init: Min chip rev:     v0.0[0m
[0;32mI (17530) efuse_init: Max chip rev:     v3.99 [0m
[0;32mI (17530) efuse_init: Chip rev:         v3.0[0m
[0;32mI (17530) heap_init: Initializing. RAM available for dynamic allocation:[0m
[0;32mI (17531) heap_init: At 3FFAE6E0 len 00001920 (6 KiB): DRAM[0m
[0;32mI (17531) heap_init: At 3FFB3100 len 0002CF00 (179 KiB): DRAM[0m
[0;32mI (17531) heap_init: At 3FFE0440 len 00003AE0 (14 KiB): D/IRAM[0m
[0;32mI (17531) heap_init: At 3FFE4350 len 0001BCB0 (111 KiB): D/IRAM[0m
[0;32mI (17531) heap_init: At 4008A3E0 len 00015C20 (87 KiB): IRAM[0m
[0;32mI (17570) spi_flash: detected chip: winbond[0m
[0;32mI (17579) spi_flash: flash io: dio[0m
[0;32mI (17591) main_task: Started on CPU0[0m
[0;32mI (17591) main_task: Calling app_main()[0m

abort() was called at PC 0x400d3b3b on core 0


Backtrace: 0x40085ae1:0x3ffb42d0 0x40085aa9:0x3ffb42f0 0x40085745:0x3ffb4310 0x400d3b3b:0x3ffb4380 0x400d5cc6:0x3ffb43a0 0x400d3e52:0x3ffb43c0 0x400d36b9:0x3ffb43e0 0x400d8665:0x3ffb4410




ELF file SHA256: 6c380f5a3

Rebooting...
ets Jul 29 2019 12:21:46

rst:0xc (SW_CPU_RESET),boot:0x12 (SPI_FAST_FLASH_BOOT)
configsip: 0, SPIWP:0xee
clk_drv:0x00,q_drv:0x00,d_drv:0x00,cs0_drv:0x00,hd_drv:0x00,wp_drv:0x00
mode:DIO, clock div:2
load:0x3fff0040,len:6272
load:0x40078000,len:15820
load:0x40080400,len:3920
entry 0x40080644
[0;32mI (45495) boot: ESP-IDF v6.0.2-dirty 2nd stage bootloader[0m
[0;32mI (45495) boot: compile time Jul  2 2026 13:38:54[0m
[0;32mI (45495) boot: Multicore bootloader[0m
[0;32mI (45587) boot: chip revision: v3.0[0m
[0;32mI (45589) boot.esp32: SPI Speed      : 40MHz[0m
[0;32mI (45589) boot.esp32: SPI Mode       : DIO[0m
[0;32mI (45589) boot.esp32: SPI Flash Size : 2MB[0m
[0;32mI (45603) boot: Enabling RNG early entropy source...[0m
[0;32mI (45618) boot: Partition Table:[0m
[0;32mI (45618) boot: ## Label            Usage          Type ST Offset   Length[0m
[0;32mI (45618) boot:  0 nvs              WiFi data        01 02 00009000 00006000[0m
[0;32mI (45618) boot:  1 phy_init         RF data          01 01 0000f000 00001000[0m
[0;32mI (45618) boot:  2 factory          factory app      00 00 00010000 00100000[0m
[0;32mI (45628) boot: End of partition table[0m
[0;32mI (45725) esp_image: segment 0: paddr=00010020 vaddr=3f400020 size=06844h ( 26692) map[0m
[0;32mI (45775) esp_image: segment 1: paddr=0001686c vaddr=3ffb0000 size=027bch ( 10172) load[0m
[0;32mI (45821) esp_image: segment 2: paddr=00019030 vaddr=40080000 size=06fe8h ( 28648) load[0m
[0;32mI (45878) esp_image: segment 3: paddr=00020020 vaddr=400d0020 size=0a6f0h ( 42736) map[0m
[0;32mI (45927) esp_image: segment 4: paddr=0002a718 vaddr=40086fe8 size=033f8h ( 13304) load[0m
[0;32mI (45980) esp_image: segment 5: paddr=0002db18 vaddr=50000000 size=00028h (    40) load[0m
[0;32mI (46131) boot: Loaded app from partition at offset 0x10000[0m
[0;32mI (46131) boot: Disabling RNG early entropy source...[0m
[0;32mI (46154) cpu_start: Multicore app[0m
[0;32mI (6330) cpu_start: GPIO 3 and 1 are used as console UART I/O pins[0m
[0;32mI (6333) cpu_start: Pro cpu start user code[0m
[0;32mI (6333) cpu_start: cpu freq: 160000000 Hz[0m
[0;32mI (6333) app_init: Application information:[0m
[0;32mI (6333) app_init: Project name:     db9[0m
[0;32mI (6333) app_init: App version:      fdccbe1-dirty[0m
[0;32mI (6333) app_init: Compile time:     Jul  2 2026 13:55:01[0m
[0;32mI (6333) app_init: ELF file SHA256:  6c380f5a3...[0m
[0;32mI (6333) app_init: ESP-IDF:          v6.0.2-dirty[0m
[0;32mI (6333) efuse_init: Min chip rev:     v0.0[0m
[0;32mI (6333) efuse_init: Max chip rev:     v3.99 [0m
[0;32mI (6333) efuse_init: Chip rev:         v3.0[0m
[0;32mI (6334) heap_init: Initializing. RAM available for dynamic allocation:[0m
[0;32mI (6335) heap_init: At 3FFAE6E0 len 00001920 (6 KiB): DRAM[0m
[0;32mI (6335) heap_init: At 3FFB3100 len 0002CF00 (179 KiB): DRAM[0m
[0;32mI (6335) heap_init: At 3FFE0440 len 00003AE0 (14 KiB): D/IRAM[0m
[0;32mI (6335) heap_init: At 3FFE4350 len 0001BCB0 (111 KiB): D/IRAM[0m
[0;32mI (6335) heap_init: At 4008A3E0 len 00015C20 (87 KiB): IRAM[0m
[0;32mI (6374) spi_flash: detected chip: winbond[0m
[0;32mI (6380) spi_flash: flash io: dio[0m
[0;32mI (6395) main_task: Started on CPU0[0m
[0;32mI (6395) main_task: Calling app_main()[0m

abort() was called at PC 0x400d3b3b on core 0


Backtrace: 0x40085ae1:0x3ffb42d0 0x40085aa9:0x3ffb42f0 0x40085745:0x3ffb4310 0x400d3b3b:0x3ffb4380 0x400d5cc6:0x3ffb43a0 0x400d3e52:0x3ffb43c0 0x400d36b9:0x3ffb43e0 0x400d8665:0x3ffb4410




ELF file SHA256: 6c380f5a3

Rebooting...
ets Jul 29 2019 12:21:46

rst:0xc (SW_CPU_RESET),boot:0x12 (SPI_FAST_FLASH_BOOT)
configsip: 0, SPIWP:0xee
clk_drv:0x00,q_drv:0x00,d_drv:0x00,cs0_drv:0x00,hd_drv:0x00,wp_drv:0x00
mode:DIO, clock div:2
load:0x3fff0040,len:6272
load:0x40078000,len:15820
load:0x40080400,len:3920
entry 0x40080644
[0;32mI (52177) boot: ESP-IDF v6.0.2-dirty 2nd stage bootloader[0m
[0;32mI (52177) boot: compile time Jul  2 2026 13:38:54[0m
[0;32mI (52177) boot: Multicore bootloader[0m
[0;32mI (52266) boot: chip revision: v3.0[0m
[0;32mI (52268) boot.esp32: SPI Speed      : 40MHz[0m
[0;32mI (52268) boot.esp32: SPI Mode       : DIO[0m
[0;32mI (52268) boot.esp32: SPI Flash Size : 2MB[0m
[0;32mI (52280) boot: Enabling RNG early entropy source...[0m
[0;32mI (52296) boot: Partition Table:[0m
[0;32mI (52297) boot: ## Label            Usage          Type ST Offset   Length[0m
[0;32mI (52297) boot:  0 nvs              WiFi data        01 02 00009000 00006000[0m
[0;32mI (52297) boot:  1 phy_init         RF data          01 01 0000f000 00001000[0m
[0;32mI (52297) boot:  2 factory          factory app      00 00 00010000 00100000[0m
[0;32mI (52306) boot: End of partition table[0m
[0;32mI (52403) esp_image: segment 0: paddr=00010020 vaddr=3f400020 size=06844h ( 26692) map[0m
[0;32mI (52451) esp_image: segment 1: paddr=0001686c vaddr=3ffb0000 size=027bch ( 10172) load[0m
[0;32mI (52500) esp_image: segment 2: paddr=00019030 vaddr=40080000 size=06fe8h ( 28648) load[0m
[0;32mI (52559) esp_image: segment 3: paddr=00020020 vaddr=400d0020 size=0a6f0h ( 42736) map[0m
[0;32mI (52613) esp_image: segment 4: paddr=0002a718 vaddr=40086fe8 size=033f8h ( 13304) load[0m
[0;32mI (52679) esp_image: segment 5: paddr=0002db18 vaddr=50000000 size=00028h (    40) load[0m
[0;32mI (52853) boot: Loaded app from partition at offset 0x10000[0m
[0;32mI (52853) boot: Disabling RNG early entropy source...[0m
[0;32mI (52874) cpu_start: Multicore app[0m
[0;32mI (14195) cpu_start: GPIO 3 and 1 are used as console UART I/O pins[0m
[0;32mI (14196) cpu_start: Pro cpu start user code[0m
[0;32mI (14196) cpu_start: cpu freq: 160000000 Hz[0m
[0;32mI (14196) app_init: Application information:[0m
[0;32mI (14196) app_init: Project name:     db9[0m
[0;32mI (14196) app_init: App version:      fdccbe1-dirty[0m
[0;32mI (14196) app_init: Compile time:     Jul  2 2026 13:55:01[0m
[0;32mI (14196) app_init: ELF file SHA256:  6c380f5a3...[0m
[0;32mI (14197) app_init: ESP-IDF:          v6.0.2-dirty[0m
[0;32mI (14197) efuse_init: Min chip rev:     v0.0[0m
[0;32mI (14197) efuse_init: Max chip rev:     v3.99 [0m
[0;32mI (14197) efuse_init: Chip rev:         v3.0[0m
[0;32mI (14197) heap_init: Initializing. RAM available for dynamic allocation:[0m
[0;32mI (14198) heap_init: At 3FFAE6E0 len 00001920 (6 KiB): DRAM[0m
[0;32mI (14198) heap_init: At 3FFB3100 len 0002CF00 (179 KiB): DRAM[0m
[0;32mI (14198) heap_init: At 3FFE0440 len 00003AE0 (14 KiB): D/IRAM[0m
[0;32mI (14198) heap_init: At 3FFE4350 len 0001BCB0 (111 KiB): D/IRAM[0m
[0;32mI (14198) heap_init: At 4008A3E0 len 00015C20 (87 KiB): IRAM[0m
[0;32mI (14239) spi_flash: detected chip: winbond[0m
[0;32mI (14247) spi_flash: flash io: dio[0m
[0;32mI (14260) main_task: Started on CPU0[0m
[0;32mI (14260) main_task: Calling app_main()[0m

abort() was called at PC 0x400d3b3b on core 0


Backtrace: 0x40085ae1:0x3ffb42d0 0x40085aa9:0x3ffb42f0 0x40085745:0x3ffb4310 0x400d3b3b:0x3ffb4380 0x400d5cc6:0x3ffb43a0 0x400d3e52:0x3ffb43c0 0x400d36b9:0x3ffb43e0 0x400d8665:0x3ffb4410




ELF file SHA256: 6c380f5a3

Rebooting...
ets Jul 29 2019 12:21:46

rst:0xc (SW_CPU_RESET),boot:0x12 (SPI_FAST_FLASH_BOOT)
configsip: 0, SPIWP:0xee
clk_drv:0x00,q_drv:0x00,d_drv:0x00,cs0_drv:0x00,hd_drv:0x00,wp_drv:0x00
mode:DIO, clock div:2
load:0x3fff0040,len:6272
load:0x40078000,len:15820
load:0x40080400,len:3920
entry 0x40080644
[0;32mI (27661) boot: ESP-IDF v6.0.2-dirty 2nd stage bootloader[0m
[0;32mI (27661) boot: compile time Jul  2 2026 13:38:54[0m
[0;32mI (27661) boot: Multicore bootloader[0m
[0;32mI (27753) boot: chip revision: v3.0[0m
[0;32mI (27754) boot.esp32: SPI Speed      : 40MHz[0m
[0;32mI (27755) boot.esp32: SPI Mode       : DIO[0m
[0;32mI (27755) boot.esp32: SPI Flash Size : 2MB[0m
[0;32mI (27770) boot: Enabling RNG early entropy source...[0m
[0;32mI (27784) boot: Partition Table:[0m
[0;32mI (27785) boot: ## Label            Usage          Type ST Offset   Length[0m
[0;32mI (27785) boot:  0 nvs              WiFi data        01 02 00009000 00006000[0m
[0;32mI (27786) boot:  1 phy_init         RF data          01 01 0000f000 00001000[0m
[0;32mI (27786) boot:  2 factory          factory app      00 00 00010000 00100000[0m
[0;32mI (27795) boot: End of partition table[0m
[0;32mI (27895) esp_image: segment 0: paddr=00010020 vaddr=3f400020 size=06844h ( 26692) map[0m
[0;32mI (27944) esp_image: segment 1: paddr=0001686c vaddr=3ffb0000 size=027bch ( 10172) load[0m
[0;32mI (27992) esp_image: segment 2: paddr=00019030 vaddr=40080000 size=06fe8h ( 28648) load[0m
[0;32mI (28054) esp_image: segment 3: paddr=00020020 vaddr=400d0020 size=0a6f0h ( 42736) map[0m
[0;32mI (28105) esp_image: segment 4: paddr=0002a718 vaddr=40086fe8 size=033f8h ( 13304) load[0m
[0;32mI (28156) esp_image: segment 5: paddr=0002db18 vaddr=50000000 size=00028h (    40) load[0m
[0;32mI (28320) boot: Loaded app from partition at offset 0x10000[0m
[0;32mI (28320) boot: Disabling RNG early entropy source...[0m
[0;32mI (28341) cpu_start: Multicore app[0m
[0;32mI (17635) cpu_start: GPIO 3 and 1 are used as console UART I/O pins[0m
[0;32mI (17636) cpu_start: Pro cpu start user code[0m
[0;32mI (17636) cpu_start: cpu freq: 160000000 Hz[0m
[0;32mI (17636) app_init: Application information:[0m
[0;32mI (17637) app_init: Project name:     db9[0m
[0;32mI (17637) app_init: App version:      fdccbe1-dirty[0m
[0;32mI (17637) app_init: Compile time:     Jul  2 2026 13:55:01[0m
[0;32mI (17637) app_init: ELF file SHA256:  6c380f5a3...[0m
[0;32mI (17637) app_init: ESP-IDF:          v6.0.2-dirty[0m
[0;32mI (17637) efuse_init: Min chip rev:     v0.0[0m
[0;32mI (17637) efuse_init: Max chip rev:     v3.99 [0m
[0;32mI (17637) efuse_init: Chip rev:         v3.0[0m
[0;32mI (17638) heap_init: Initializing. RAM available for dynamic allocation:[0m
[0;32mI (17638) heap_init: At 3FFAE6E0 len 00001920 (6 KiB): DRAM[0m
[0;32mI (17638) heap_init: At 3FFB3100 len 0002CF00 (179 KiB): DRAM[0m
[0;32mI (17639) heap_init: At 3FFE0440 len 00003AE0 (14 KiB): D/IRAM[0m
[0;32mI (17639) heap_init: At 3FFE4350 len 0001BCB0 (111 KiB): D/IRAM[0m
[0;32mI (17639) heap_init: At 4008A3E0 len 00015C20 (87 KiB): IRAM[0m
[0;32mI (17680) spi_flash: detected chip: winbond[0m
[0;32mI (17686) spi_flash: flash io: dio[0m
[0;32mI (17700) main_task: Started on CPU0[0m
[0;32mI (17700) main_task: Calling app_main()[0m

abort() was called at PC 0x400d3b3b on core 0


Backtrace: 0x40085ae1:0x3ffb42d0 0x40085aa9:0x3ffb42f0 0x40085745:0x3ffb4310 0x400d3b3b:0x3ffb4380 0x400d5cc6:0x3ffb43a0 0x400d3e52:0x3ffb43c0 0x400d36b9:0x3ffb43e0 0x400d8665:0x3ffb4410




ELF file SHA256: 6c380f5a3

Rebooting...
ets Jul 29 2019 12:21:46

rst:0xc (SW_CPU_RESET),boot:0x12 (SPI_FAST_FLASH_BOOT)
configsip: 0, SPIWP:0xee
clk_drv:0x00,q_drv:0x00,d_drv:0x00,cs0_drv:0x00,hd_drv:0x00,wp_drv:0x00
mode:DIO, clock div:2
load:0x3fff0040,len:6272
load:0x40078000,len:15820
load:0x40080400,len:3920
entry 0x40080644
[0;32mI (39162) boot: ESP-IDF v6.0.2-dirty 2nd stage bootloader[0m
[0;32mI (39163) boot: compile time Jul  2 2026 13:38:54[0m
[0;32mI (39163) boot: Multicore bootloader[0m
[0;32mI (39254) boot: chip revision: v3.0[0m
[0;32mI (39255) boot.esp32: SPI Speed      : 40MHz[0m
[0;32mI (39255) boot.esp32: SPI Mode       : DIO[0m
[0;32mI (39256) boot.esp32: SPI Flash Size : 2MB[0m
[0;32mI (39270) boot: Enabling RNG early entropy source...[0m
[0;32mI (39285) boot: Partition Table:[0m
[0;32mI (39286) boot: ## Label            Usage          Type ST Offset   Length[0m
[0;32mI (39286) boot:  0 nvs              WiFi data        01 02 00009000 00006000[0m
[0;32mI (39286) boot:  1 phy_init         RF data          01 01 0000f000 00001000[0m
[0;32mI (39286) boot:  2 factory          factory app      00 00 00010000 00100000[0m
[0;32mI (39296) boot: End of partition table[0m
[0;32mI (39395) esp_image: segment 0: paddr=00010020 vaddr=3f400020 size=06844h ( 26692) map[0m
[0;32mI (39441) esp_image: segment 1: paddr=0001686c vaddr=3ffb0000 size=027bch ( 10172) load[0m
[0;32mI (39489) esp_image: segment 2: paddr=00019030 vaddr=40080000 size=06fe8h ( 28648) load[0m
[0;32mI (39547) esp_image: segment 3: paddr=00020020 vaddr=400d0020 size=0a6f0h ( 42736) map[0m
[0;32mI (39600) esp_image: segment 4: paddr=0002a718 vaddr=40086fe8 size=033f8h ( 13304) load[0m
[0;32mI (39652) esp_image: segment 5: paddr=0002db18 vaddr=50000000 size=00028h (    40) load[0m
[0;32mI (39830) boot: Loaded app from partition at offset 0x10000[0m
[0;32mI (39830) boot: Disabling RNG early entropy source...[0m
[0;32mI (39853) cpu_start: Multicore app[0m
[0;32mI (3444) cpu_start: GPIO 3 and 1 are used as console UART I/O pins[0m
[0;32mI (3446) cpu_start: Pro cpu start user code[0m
[0;32mI (3446) cpu_start: cpu freq: 160000000 Hz[0m
[0;32mI (3446) app_init: Application information:[0m
[0;32mI (3446) app_init: Project name:     db9[0m
[0;32mI (3446) app_init: App version:      fdccbe1-dirty[0m
[0;32mI (3447) app_init: Compile time:     Jul  2 2026 13:55:01[0m
[0;32mI (3447) app_init: ELF file SHA256:  6c380f5a3...[0m
[0;32mI (3447) app_init: ESP-IDF:          v6.0.2-dirty[0m
[0;32mI (3447) efuse_init: Min chip rev:     v0.0[0m
[0;32mI (3447) efuse_init: Max chip rev:     v3.99 [0m
[0;32mI (3447) efuse_init: Chip rev:         v3.0[0m
[0;32mI (3449) heap_init: Initializing. RAM available for dynamic allocation:[0m
[0;32mI (3450) heap_init: At 3FFAE6E0 len 00001920 (6 KiB): DRAM[0m
[0;32mI (3450) heap_init: At 3FFB3100 len 0002CF00 (179 KiB): DRAM[0m
[0;32mI (3451) heap_init: At 3FFE0440 len 00003AE0 (14 KiB): D/IRAM[0m
[0;32mI (3451) heap_init: At 3FFE4350 len 0001BCB0 (111 KiB): D/IRAM[0m
[0;32mI (3451) heap_init: At 4008A3E0 len 00015C20 (87 KiB): IRAM[0m
[0;32mI (3501) spi_flash: detected chip: winbond[0m
[0;32mI (3509) spi_flash: flash io: dio[0m
[0;32mI (3523) main_task: Started on CPU0[0m
[0;32mI (3523) main_task: Calling app_main()[0m

abort() was called at PC 0x400d3b3b on core 0


Backtrace: 0x40085ae1:0x3ffb42d0 0x40085aa9:0x3ffb42f0 0x40085745:0x3ffb4310 0x400d3b3b:0x3ffb4380 0x400d5cc6:0x3ffb43a0 0x400d3e52:0x3ffb43c0 0x400d36b9:0x3ffb43e0 0x400d8665:0x3ffb4410




ELF file SHA256: 6c380f5a3

Rebooting...
ets Jul 29 2019 12:21:46

rst:0xc (SW_CPU_RESET),boot:0x12 (SPI_FAST_FLASH_BOOT)
configsip: 0, SPIWP:0xee
clk_drv:0x00,q_drv:0x00,d_drv:0x00,cs0_drv:0x00,hd_drv:0x00,wp_drv:0x00
mode:DIO, clock div:2
load:0x3fff0040,len:6272
load:0x40078000,len:15820
load:0x40080400,len:3920
entry 0x40080644
[0;32mI (33838) boot: ESP-IDF v6.0.2-dirty 2nd stage bootloader[0m
[0;32mI (33838) boot: compile time Jul  2 2026 13:38:54[0m
[0;32mI (33838) boot: Multicore bootloader[0m
[0;32mI (33936) boot: chip revision: v3.0[0m
[0;32mI (33937) boot.esp32: SPI Speed      : 40MHz[0m
[0;32mI (33938) boot.esp32: SPI Mode       : DIO[0m
[0;32mI (33938) boot.esp32: SPI Flash Size : 2MB[0m
[0;32mI (33952) boot: Enabling RNG early entropy source...[0m
[0;32mI (33967) boot: Partition Table:[0m
[0;32mI (33968) boot: ## Label            Usage          Type ST Offset   Length[0m
[0;32mI (33968) boot:  0 nvs              WiFi data        01 02 00009000 00006000[0m
[0;32mI (33969) boot:  1 phy_init         RF data          01 01 0000f000 00001000[0m
[0;32mI (33969) boot:  2 factory          factory app      00 00 00010000 00100000[0m
[0;32mI (33980) boot: End of partition table[0m
[0;32mI (34084) esp_image: segment 0: paddr=00010020 vaddr=3f400020 size=06844h ( 26692) map[0m
[0;32mI (34135) esp_image: segment 1: paddr=0001686c vaddr=3ffb0000 size=027bch ( 10172) load[0m
[0;32mI (34187) esp_image: segment 2: paddr=00019030 vaddr=40080000 size=06fe8h ( 28648) load[0m
[0;32mI (34251) esp_image: segment 3: paddr=00020020 vaddr=400d0020 size=0a6f0h ( 42736) map[0m
[0;32mI (34308) esp_image: segment 4: paddr=0002a718 vaddr=40086fe8 size=033f8h ( 13304) load[0m
[0;32mI (34362) esp_image: segment 5: paddr=0002db18 vaddr=50000000 size=00028h (    40) load[0m
[0;32mI (34535) boot: Loaded app from partition at offset 0x10000[0m
[0;32mI (34535) boot: Disabling RNG early entropy source...[0m
[0;32mI (34564) cpu_start: Multicore app[0m
[0;32mI (26196) cpu_start: GPIO 3 and 1 are used as console UART I/O pins[0m
[0;32mI (26198) cpu_start: Pro cpu start user code[0m
[0;32mI (26198) cpu_start: cpu freq: 160000000 Hz[0m
[0;32mI (26198) app_init: Application information:[0m
[0;32mI (26198) app_init: Project name:     db9[0m
[0;32mI (26198) app_init: App version:      fdccbe1-dirty[0m
[0;32mI (26198) app_init: Compile time:     Jul  2 2026 13:55:01[0m
[0;32mI (26198) app_init: ELF file SHA256:  6c380f5a3...[0m
[0;32mI (26198) app_init: ESP-IDF:          v6.0.2-dirty[0m
[0;32mI (26198) efuse_init: Min chip rev:     v0.0[0m
[0;32mI (26198) efuse_init: Max chip rev:     v3.99 [0m
[0;32mI (26199) efuse_init: Chip rev:         v3.0[0m
[0;32mI (26200) heap_init: Initializing. RAM available for dynamic allocation:[0m
[0;32mI (26200) heap_init: At 3FFAE6E0 len 00001920 (6 KiB): DRAM[0m
[0;32mI (26201) heap_init: At 3FFB3100 len 0002CF00 (179 KiB): DRAM[0m
[0;32mI (26201) heap_init: At 3FFE0440 len 00003AE0 (14 KiB): D/IRAM[0m
[0;32mI (26201) heap_init: At 3FFE4350 len 0001BCB0 (111 KiB): D/IRAM[0m
[0;32mI (26201) heap_init: At 4008A3E0 len 00015C20 (87 KiB): IRAM[0m
[0;32mI (26249) spi_flash: detected chip: winbond[0m
[0;32mI (26259) spi_flash: flash io: dio[0m
[0;32mI (26271) main_task: Started on CPU0[0m
[0;32mI (26271) main_task: Calling app_main()[0m

abort() was called at PC 0x400d3b3b on core 0


Backtrace: 0x40085ae1:0x3ffb42d0 0x40085aa9:0x3ffb42f0 0x40085745:0x3ffb4310 0x400d3b3b:0x3ffb4380 0x400d5cc6:0x3ffb43a0 0x400d3e52:0x3ffb43c0 0x400d36b9:0x3ffb43e0 0x400d8665:0x3ffb4410




ELF file SHA256: 6c380f5a3

Rebooting...
ets Jul 29 2019 12:21:46

rst:0xc (SW_CPU_RESET),boot:0x12 (SPI_FAST_FLASH_BOOT)
configsip: 0, SPIWP:0xee
clk_drv:0x00,q_drv:0x00,d_drv:0x00,cs0_drv:0x00,hd_drv:0x00,wp_drv:0x00
mode:DIO, clock div:2
load:0x3fff0040,len:6272
load:0x40078000,len:15820
load:0x40080400,len:3920
entry 0x40080644
[0;32mI (15073) boot: ESP-IDF v6.0.2-dirty 2nd stage bootloader[0m
[0;32mI (15073) boot: compile time Jul  2 2026 13:38:54[0m
[0;32mI (15073) boot: Multicore bootloader[0m
[0;32mI (15161) boot: chip revision: v3.0[0m
[0;32mI (15163) boot.esp32: SPI Speed      : 40MHz[0m
[0;32mI (15163) boot.esp32: SPI Mode       : DIO[0m
[0;32mI (15163) boot.esp32: SPI Flash Size : 2MB[0m
[0;32mI (15181) boot: Enabling RNG early entropy source...[0m
[0;32mI (15197) boot: Partition Table:[0m
[0;32mI (15197) boot: ## Label            Usage          Type ST Offset   Length[0m
[0;32mI (15197) boot:  0 nvs              WiFi data        01 02 00009000 00006000[0m
[0;32mI (15197) boot:  1 phy_init         RF data          01 01 0000f000 00001000[0m
[0;32mI (15197) boot:  2 factory          factory app      00 00 00010000 00100000[0m
[0;32mI (15207) boot: End of partition table[0m
[0;32mI (15313) esp_image: segment 0: paddr=00010020 vaddr=3f400020 size=06844h ( 26692) map[0m
[0;32mI (15360) esp_image: segment 1: paddr=0001686c vaddr=3ffb0000 size=027bch ( 10172) load[0m
[0;32mI (15407) esp_image: segment 2: paddr=00019030 vaddr=40080000 size=06fe8h ( 28648) load[0m
[0;32mI (15463) esp_image: segment 3: paddr=00020020 vaddr=400d0020 size=0a6f0h ( 42736) map[0m
[0;32mI (15512) esp_image: segment 4: paddr=0002a718 vaddr=40086fe8 size=033f8h ( 13304) load[0m
[0;32mI (15559) esp_image: segment 5: paddr=0002db18 vaddr=50000000 size=00028h (    40) load[0m
[0;32mI (15718) boot: Loaded app from partition at offset 0x10000[0m
[0;32mI (15718) boot: Disabling RNG early entropy source...[0m
[0;32mI (15742) cpu_start: Multicore app[0m
[0;32mI (8500) cpu_start: GPIO 3 and 1 are used as console UART I/O pins[0m
[0;32mI (8502) cpu_start: Pro cpu start user code[0m
[0;32mI (8502) cpu_start: cpu freq: 160000000 Hz[0m
[0;32mI (8502) app_init: Application information:[0m
[0;32mI (8502) app_init: Project name:     db9[0m
[0;32mI (8502) app_init: App version:      fdccbe1-dirty[0m
[0;32mI (8502) app_init: Compile time:     Jul  2 2026 13:55:01[0m
[0;32mI (8502) app_init: ELF file SHA256:  6c380f5a3...[0m
[0;32mI (8502) app_init: ESP-IDF:          v6.0.2-dirty[0m
[0;32mI (8502) efuse_init: Min chip rev:     v0.0[0m
[0;32mI (8502) efuse_init: Max chip rev:     v3.99 [0m
[0;32mI (8503) efuse_init: Chip rev:         v3.0[0m
[0;32mI (8503) heap_init: Initializing. RAM available for dynamic allocation:[0m
[0;32mI (8504) heap_init: At 3FFAE6E0 len 00001920 (6 KiB): DRAM[0m
[0;32mI (8504) heap_init: At 3FFB3100 len 0002CF00 (179 KiB): DRAM[0m
[0;32mI (8504) heap_init: At 3FFE0440 len 00003AE0 (14 KiB): D/IRAM[0m
[0;32mI (8504) heap_init: At 3FFE4350 len 0001BCB0 (111 KiB): D/IRAM[0m
[0;32mI (8504) heap_init: At 4008A3E0 len 00015C20 (87 KiB): IRAM[0m
[0;32mI (8545) spi_flash: detected chip: winbond[0m
[0;32mI (8556) spi_flash: flash io: dio[0m
[0;32mI (8567) main_task: Started on CPU0[0m
[0;32mI (8567) main_task: Calling app_main()[0m

abort() was called at PC 0x400d3b3b on core 0


Backtrace: 0x40085ae1:0x3ffb42d0 0x40085aa9:0x3ffb42f0 0x40085745:0x3ffb4310 0x400d3b3b:0x3ffb4380 0x400d5cc6:0x3ffb43a0 0x400d3e52:0x3ffb43c0 0x400d36b9:0x3ffb43e0 0x400d8665:0x3ffb4410




ELF file SHA256: 6c380f5a3

Rebooting...
ets Jul 29 2019 12:21:46

rst:0xc (SW_CPU_RESET),boot:0x12 (SPI_FAST_FLASH_BOOT)
configsip: 0, SPIWP:0xee
clk_drv:0x00,q_drv:0x00,d_drv:0x00,cs0_drv:0x00,hd_drv:0x00,wp_drv:0x00
mode:DIO, clock div:2
load:0x3fff0040,len:6272
load:0x40078000,len:15820
load:0x40080400,len:3920
entry 0x40080644
[0;32mI (49384) boot: ESP-IDF v6.0.2-dirty 2nd stage bootloader[0m
[0;32mI (49384) boot: compile time Jul  2 2026 13:38:54[0m
[0;32mI (49384) boot: Multicore bootloader[0m
[0;32mI (49473) boot: chip revision: v3.0[0m
[0;32mI (49474) boot.esp32: SPI Speed      : 40MHz[0m
[0;32mI (49475) boot.esp32: SPI Mode       : DIO[0m
[0;32mI (49475) boot.esp32: SPI Flash Size : 2MB[0m
[0;32mI (49487) boot: Enabling RNG early entropy source...[0m
[0;32mI (49501) boot: Partition Table:[0m
[0;32mI (49502) boot: ## Label            Usage          Type ST Offset   Length[0m
[0;32mI (49503) boot:  0 nvs              WiFi data        01 02 00009000 00006000[0m
[0;32mI (49503) boot:  1 phy_init         RF data          01 01 0000f000 00001000[0m
[0;32mI (49503) boot:  2 factory          factory app      00 00 00010000 00100000[0m
[0;32mI (49512) boot: End of partition table[0m
[0;32mI (49615) esp_image: segment 0: paddr=00010020 vaddr=3f400020 size=06844h ( 26692) map[0m
[0;32mI (49661) esp_image: segment 1: paddr=0001686c vaddr=3ffb0000 size=027bch ( 10172) load[0m
[0;32mI (49709) esp_image: segment 2: paddr=00019030 vaddr=40080000 size=06fe8h ( 28648) load[0m
[0;32mI (49771) esp_image: segment 3: paddr=00020020 vaddr=400d0020 size=0a6f0h ( 42736) map[0m
[0;32mI (49825) esp_image: segment 4: paddr=0002a718 vaddr=40086fe8 size=033f8h ( 13304) load[0m
[0;32mI (49877) esp_image: segment 5: paddr=0002db18 vaddr=50000000 size=00028h (    40) load[0m
[0;32mI (50038) boot: Loaded app from partition at offset 0x10000[0m
[0;32mI (50038) boot: Disabling RNG early entropy source...[0m
[0;32mI (50063) cpu_start: Multicore app[0m
[0;32mI (17112) cpu_start: GPIO 3 and 1 are used as console UART I/O pins[0m
[0;32mI (17114) cpu_start: Pro cpu start user code[0m
[0;32mI (17114) cpu_start: cpu freq: 160000000 Hz[0m
[0;32mI (17114) app_init: Application information:[0m
[0;32mI (17114) app_init: Project name:     db9[0m
[0;32mI (17114) app_init: App version:      fdccbe1-dirty[0m
[0;32mI (17114) app_init: Compile time:     Jul  2 2026 13:55:01[0m
[0;32mI (17114) app_init: ELF file SHA256:  6c380f5a3...[0m
[0;32mI (17114) app_init: ESP-IDF:          v6.0.2-dirty[0m
[0;32mI (17114) efuse_init: Min chip rev:     v0.0[0m
[0;32mI (17114) efuse_init: Max chip rev:     v3.99 [0m
[0;32mI (17115) efuse_init: Chip rev:         v3.0[0m
[0;32mI (17115) heap_init: Initializing. RAM available for dynamic allocation:[0m
[0;32mI (17116) heap_init: At 3FFAE6E0 len 00001920 (6 KiB): DRAM[0m
[0;32mI (17116) heap_init: At 3FFB3100 len 0002CF00 (179 KiB): DRAM[0m
[0;32mI (17116) heap_init: At 3FFE0440 len 00003AE0 (14 KiB): D/IRAM[0m
[0;32mI (17116) heap_init: At 3FFE4350 len 0001BCB0 (111 KiB): D/IRAM[0m
[0;32mI (17116) heap_init: At 4008A3E0 len 00015C20 (87 KiB): IRAM[0m
[0;32mI (17156) spi_flash: detected chip: winbond[0m
[0;32mI (17166) spi_flash: flash io: dio[0m
[0;32mI (17178) main_task: Started on CPU0[0m
[0;32mI (17178) main_task: Calling app_main()[0m

abort() was called at PC 0x400d3b3b on core 0


Backtrace: 0x40085ae1:0x3ffb42d0 0x40085aa9:0x3ffb42f0 0x40085745:0x3ffb4310 0x400d3b3b:0x3ffb4380 0x400d5cc6:0x3ffb43a0 0x400d3e52:0x3ffb43c0 0x400d36b9:0x3ffb43e0 0x400d8665:0x3ffb4410




ELF file SHA256: 6c380f5a3

Rebooting...
ets Jul 29 2019 12:21:46

rst:0xc (SW_CPU_RESET),boot:0x12 (SPI_FAST_FLASH_BOOT)
configsip: 0, SPIWP:0xee
clk_drv:0x00,q_drv:0x00,d_drv:0x00,cs0_drv:0x00,hd_drv:0x00,wp_drv:0x00
mode:DIO, clock div:2
load:0x3fff0040,len:6272
load:0x40078000,len:15820
load:0x40080400,len:3920
entry 0x40080644
[0;32mI (27901) boot: ESP-IDF v6.0.2-dirty 2nd stage bootloader[0m
[0;32mI (27901) boot: compile time Jul  2 2026 13:38:54[0m
[0;32mI (27901) boot: Multicore bootloader[0m
[0;32mI (28078) boot: chip revision: v3.0[0m
[0;32mI (28082) boot.esp32: SPI Speed      : 40MHz[0m
[0;32mI (28082) boot.esp32: SPI Mode       : DIO[0m
[0;32mI (28082) boot.esp32: SPI Flash Size : 2MB[0m
[0;32mI (28107) boot: Enabling RNG early entropy source...[0m
[0;32mI (28135) boot: Partition Table:[0m
[0;32mI (28136) boot: ## Label            Usage          Type ST Offset   Length[0m
[0;32mI (28136) boot:  0 nvs              WiFi data        01 02 00009000 00006000[0m
[0;32mI (28136) boot:  1 phy_init         RF data          01 01 0000f000 00001000[0m
[0;32mI (28136) boot:  2 factory          factory app      00 00 00010000 00100000[0m
[0;32mI (28152) boot: End of partition table[0m
[0;32mI (28316) esp_image: segment 0: paddr=00010020 vaddr=3f400020 size=06844h ( 26692) map[0m
[0;32mI (28391) esp_image: segment 1: paddr=0001686c vaddr=3ffb0000 size=027bch ( 10172) load[0m
[0;32mI (28455) esp_image: segment 2: paddr=00019030 vaddr=40080000 size=06fe8h ( 28648) load[0m
[0;32mI (28537) esp_image: segment 3: paddr=00020020 vaddr=400d0020 size=0a6f0h ( 42736) map[0m
[0;32mI (28606) esp_image: segment 4: paddr=0002a718 vaddr=40086fe8 size=033f8h ( 13304) load[0m
[0;32mI (28665) esp_image: segment 5: paddr=0002db18 vaddr=50000000 size=00028h (    40) load[0m
[0;32mI (28837) boot: Loaded app from partition at offset 0x10000[0m
[0;32mI (28837) boot: Disabling RNG early entropy source...[0m
[0;32mI (28856) cpu_start: Multicore app[0m
[0;32mI (24160) cpu_start: GPIO 3 and 1 are used as console UART I/O pins[0m
[0;32mI (24162) cpu_start: Pro cpu start user code[0m
[0;32mI (24162) cpu_start: cpu freq: 160000000 Hz[0m
[0;32mI (24162) app_init: Application information:[0m
[0;32mI (24162) app_init: Project name:     db9[0m
[0;32mI (24162) app_init: App version:      fdccbe1-dirty[0m
[0;32mI (24162) app_init: Compile time:     Jul  2 2026 13:55:01[0m
[0;32mI (24163) app_init: ELF file SHA256:  6c380f5a3...[0m
[0;32mI (24163) app_init: ESP-IDF:          v6.0.2-dirty[0m
[0;32mI (24163) efuse_init: Min chip rev:     v0.0[0m
[0;32mI (24163) efuse_init: Max chip rev:     v3.99 [0m
[0;32mI (24163) efuse_init: Chip rev:         v3.0[0m
[0;32mI (24164) heap_init: Initializing. RAM available for dynamic allocation:[0m
[0;32mI (24164) heap_init: At 3FFAE6E0 len 00001920 (6 KiB): DRAM[0m
[0;32mI (24164) heap_init: At 3FFB3100 len 0002CF00 (179 KiB): DRAM[0m
[0;32mI (24164) heap_init: At 3FFE0440 len 00003AE0 (14 KiB): D/IRAM[0m
[0;32mI (24164) heap_init: At 3FFE4350 len 0001BCB0 (111 KiB): D/IRAM[0m
[0;32mI (24164) heap_init: At 4008A3E0 len 00015C20 (87 KiB): IRAM[0m
[0;32mI (24204) spi_flash: detected chip: winbond[0m
[0;32mI (24213) spi_flash: flash io: dio[0m
[0;32mI (24231) main_task: Started on CPU0[0m
[0;32mI (24231) main_task: Calling app_main()[0m

abort() was called at PC 0x400d3b3b on core 0


Backtrace: 0x40085ae1:0x3ffb42d0 0x40085aa9:0x3ffb42f0 0x40085745:0x3ffb4310 0x400d3b3b:0x3ffb4380 0x400d5cc6:0x3ffb43a0 0x400d3e52:0x3ffb43c0 0x400d36b9:0x3ffb43e0 0x400d8665:0x3ffb4410




ELF file SHA256: 6c380f5a3

Rebooting...
ets Jul 29 2019 12:21:46

rst:0xc (SW_CPU_RESET),boot:0x12 (SPI_FAST_FLASH_BOOT)
configsip: 0, SPIWP:0xee
clk_drv:0x00,q_drv:0x00,d_drv:0x00,cs0_drv:0x00,hd_drv:0x00,wp_drv:0x00
mode:DIO, clock div:2
load:0x3fff0040,len:6272
load:0x40078000,len:15820
load:0x40080400,len:3920
entry 0x40080644
[0;32mI (53243) boot: ESP-IDF v6.0.2-dirty 2nd stage bootloader[0m
[0;32mI (53243) boot: compile time Jul  2 2026 13:38:54[0m
[0;32mI (53243) boot: Multicore bootloader[0m
[0;32mI (53330) boot: chip revision: v3.0[0m
[0;32mI (53331) boot.esp32: SPI Speed      : 40MHz[0m
[0;32mI (53331) boot.esp32: SPI Mode       : DIO[0m
[0;32mI (53331) boot.esp32: SPI Flash Size : 2MB[0m
[0;32mI (53344) boot: Enabling RNG early entropy source...[0m
[0;32mI (53358) boot: Partition Table:[0m
[0;32mI (53358) boot: ## Label            Usage          Type ST Offset   Length[0m
[0;32mI (53358) boot:  0 nvs              WiFi data        01 02 00009000 00006000[0m
[0;32mI (53359) boot:  1 phy_init         RF data          01 01 0000f000 00001000[0m
[0;32mI (53359) boot:  2 factory          factory app      00 00 00010000 00100000[0m
[0;32mI (53368) boot: End of partition table[0m
[0;32mI (53462) esp_image: segment 0: paddr=00010020 vaddr=3f400020 size=06844h ( 26692) map[0m
[0;32mI (53513) esp_image: segment 1: paddr=0001686c vaddr=3ffb0000 size=027bch ( 10172) load[0m
[0;32mI (53561) esp_image: segment 2: paddr=00019030 vaddr=40080000 size=06fe8h ( 28648) load[0m
[0;32mI (53618) esp_image: segment 3: paddr=00020020 vaddr=400d0020 size=0a6f0h ( 42736) map[0m
[0;32mI (53666) esp_image: segment 4: paddr=0002a718 vaddr=40086fe8 size=033f8h ( 13304) load[0m
[0;32mI (32) esp_image: segment 5: paddr=0002db18 vaddr=50000000 size=00028h (    40) load[0m
[0;32mI (189) boot: Loaded app from partition at offset 0x10000[0m
[0;32mI (190) boot: Disabling RNG early entropy source...[0m
[0;32mI (213) cpu_start: Multicore app[0m
[0;32mI (23479) cpu_start: GPIO 3 and 1 are used as console UART I/O pins[0m
[0;32mI (23482) cpu_start: Pro cpu start user code[0m
[0;32mI (23483) cpu_start: cpu freq: 160000000 Hz[0m
[0;32mI (23483) app_init: Application information:[0m
[0;32mI (23483) app_init: Project name:     db9[0m
[0;32mI (23483) app_init: App version:      fdccbe1-dirty[0m
[0;32mI (23483) app_init: Compile time:     Jul  2 2026 13:55:01[0m
[0;32mI (23483) app_init: ELF file SHA256:  6c380f5a3...[0m
[0;32mI (23483) app_init: ESP-IDF:          v6.0.2-dirty[0m
[0;32mI (23483) efuse_init: Min chip rev:     v0.0[0m
[0;32mI (23483) efuse_init: Max chip rev:     v3.99 [0m
[0;32mI (23484) efuse_init: Chip rev:         v3.0[0m
[0;32mI (23484) heap_init: Initializing. RAM available for dynamic allocation:[0m
[0;32mI (23485) heap_init: At 3FFAE6E0 len 00001920 (6 KiB): DRAM[0m
[0;32mI (23485) heap_init: At 3FFB3100 len 0002CF00 (179 KiB): DRAM[0m
[0;32mI (23485) heap_init: At 3FFE0440 len 00003AE0 (14 KiB): D/IRAM[0m
[0;32mI (23486) heap_init: At 3FFE4350 len 0001BCB0 (111 KiB): D/IRAM[0m
[0;32mI (23486) heap_init: At 4008A3E0 len 00015C20 (87 KiB): IRAM[0m
[0;32mI (23531) spi_flash: detected chip: winbond[0m
[0;32mI (23540) spi_flash: flash io: dio[0m
[0;32mI (23552) main_task: Started on CPU0[0m
[0;32mI (23552) main_task: Calling app_main()[0m

abort() was called at PC 0x400d3b3b on core 0


Backtrace: 0x40085ae1:0x3ffb42d0 0x40085aa9:0x3ffb42f0 0x40085745:0x3ffb4310 0x400d3b3b:0x3ffb4380 0x400d5cc6:0x3ffb43a0 0x400d3e52:0x3ffb43c0 0x400d36b9:0x3ffb43e0 0x400d8665:0x3ffb4410




ELF file SHA256: 6c380f5a3

Rebooting...
ets Jul 29 2019 12:21:46

rst:0xc (SW_CPU_RESET),boot:0x12 (SPI_FAST_FLASH_BOOT)
configsip: 0, SPIWP:0xee
clk_drv:0x00,q_drv:0x00,d_drv:0x00,cs0_drv:0x00,hd_drv:0x00,wp_drv:0x00
mode:DIO, clock div:2
load:0x3fff0040,len:6272
load:0x40078000,len:15820
load:0x40080400,len:3920
entry 0x40080644
[0;32mI (48310) boot: ESP-IDF v6.0.2-dirty 2nd stage bootloader[0m
[0;32mI (48310) boot: compile time Jul  2 2026 13:38:54[0m
[0;32mI (48310) boot: Multicore bootloader[0m
[0;32mI (48393) boot: chip revision: v3.0[0m
[0;32mI (48395) boot.esp32: SPI Speed      : 40MHz[0m
[0;32mI (48395) boot.esp32: SPI Mode       : DIO[0m
[0;32mI (48395) boot.esp32: SPI Flash Size : 2MB[0m
[0;32mI (48409) boot: Enabling RNG early entropy source...[0m
[0;32mI (48425) boot: Partition Table:[0m
[0;32mI (48425) boot: ## Label            Usage          Type ST Offset   Length[0m
[0;32mI (48425) boot:  0 nvs              WiFi data        01 02 00009000 00006000[0m
[0;32mI (48425) boot:  1 phy_init         RF data          01 01 0000f000 00001000[0m
[0;32mI (48426) boot:  2 factory          factory app      00 00 00010000 00100000[0m
[0;32mI (48434) boot: End of partition table[0m
[0;32mI (48540) esp_image: segment 0: paddr=00010020 vaddr=3f400020 size=06844h ( 26692) map[0m
[0;32mI (48588) esp_image: segment 1: paddr=0001686c vaddr=3ffb0000 size=027bch ( 10172) load[0m
[0;32mI (48636) esp_image: segment 2: paddr=00019030 vaddr=40080000 size=06fe8h ( 28648) load[0m
[0;32mI (48695) esp_image: segment 3: paddr=00020020 vaddr=400d0020 size=0a6f0h ( 42736) map[0m
[0;32mI (48747) esp_image: segment 4: paddr=0002a718 vaddr=40086fe8 size=033f8h ( 13304) load[0m
[0;32mI (48795) esp_image: segment 5: paddr=0002db18 vaddr=50000000 size=00028h (    40) load[0m
[0;32mI (48949) boot: Loaded app from partition at offset 0x10000[0m
[0;32mI (48949) boot: Disabling RNG early entropy source...[0m
[0;32mI (48972) cpu_start: Multicore app[0m
[0;32mI (19664) cpu_start: GPIO 3 and 1 are used as console UART I/O pins[0m
[0;32mI (19667) cpu_start: Pro cpu start user code[0m
[0;32mI (19667) cpu_start: cpu freq: 160000000 Hz[0m
[0;32mI (19667) app_init: Application information:[0m
[0;32mI (19667) app_init: Project name:     db9[0m
[0;32mI (19667) app_init: App version:      fdccbe1-dirty[0m
[0;32mI (19667) app_init: Compile time:     Jul  2 2026 13:55:01[0m
[0;32mI (19667) app_init: ELF file SHA256:  6c380f5a3...[0m
[0;32mI (19667) app_init: ESP-IDF:          v6.0.2-dirty[0m
[0;32mI (19667) efuse_init: Min chip rev:     v0.0[0m
[0;32mI (19667) efuse_init: Max chip rev:     v3.99 [0m
[0;32mI (19668) efuse_init: Chip rev:         v3.0[0m
[0;32mI (19668) heap_init: Initializing. RAM available for dynamic allocation:[0m
[0;32mI (19669) heap_init: At 3FFAE6E0 len 00001920 (6 KiB): DRAM[0m
[0;32mI (19670) heap_init: At 3FFB3100 len 0002CF00 (179 KiB): DRAM[0m
[0;32mI (19670) heap_init: At 3FFE0440 len 00003AE0 (14 KiB): D/IRAM[0m
[0;32mI (19670) heap_init: At 3FFE4350 len 0001BCB0 (111 KiB): D/IRAM[0m
[0;32mI (19670) heap_init: At 4008A3E0 len 00015C20 (87 KiB): IRAM[0m
[0;32mI (19712) spi_flash: detected chip: winbond[0m
[0;32mI (19721) spi_flash: flash io: dio[0m
[0;32mI (19733) main_task: Started on CPU0[0m
[0;32mI (19733) main_task: Calling app_main()[0m

abort() was called at PC 0x400d3b3b on core 0


Backtrace: 0x40085ae1:0x3ffb42d0 0x40085aa9:0x3ffb42f0 0x40085745:0x3ffb4310 0x400d3b3b:0x3ffb4380 0x400d5cc6:0x3ffb43a0 0x400d3e52:0x3ffb43c0 0x400d36b9:0x3ffb43e0 0x400d8665:0x3ffb4410




ELF file SHA256: 6c380f5a3

Rebooting...
ets Jul 29 2019 12:21:46

rst:0xc (SW_CPU_RESET),boot:0x12 (SPI_FAST_FLASH_BOOT)
configsip: 0, SPIWP:0xee
clk_drv:0x00,q_drv:0x00,d_drv:0x00,cs0_drv:0x00,hd_drv:0x00,wp_drv:0x00
mode:DIO, clock div:2
load:0x3fff0040,len:6272
load:0x40078000,len:15820
load:0x40080400,len:3920
entry 0x40080644
[0;32mI (30796) boot: ESP-IDF v6.0.2-dirty 2nd stage bootloader[0m
[0;32mI (30796) boot: compile time Jul  2 2026 13:38:54[0m
[0;32mI (30796) boot: Multicore bootloader[0m
[0;32mI (30877) boot: chip revision: v3.0[0m
[0;32mI (30879) boot.esp32: SPI Speed      : 40MHz[0m
[0;32mI (30879) boot.esp32: SPI Mode       : DIO[0m
[0;32mI (30879) boot.esp32: SPI Flash Size : 2MB[0m
[0;32mI (30892) boot: Enabling RNG early entropy source...[0m
[0;32mI (30908) boot: Partition Table:[0m
[0;32mI (30909) boot: ## Label            Usage          Type ST Offset   Length[0m
[0;32mI (30909) boot:  0 nvs              WiFi data        01 02 00009000 00006000[0m
[0;32mI (30909) boot:  1 phy_init         RF data          01 01 0000f000 00001000[0m
[0;32mI (30909) boot:  2 factory          factory app      00 00 00010000 00100000[0m
[0;32mI (30920) boot: End of partition table[0m
[0;32mI (31012) esp_image: segment 0: paddr=00010020 vaddr=3f400020 size=06844h ( 26692) map[0m
[0;32mI (31059) esp_image: segment 1: paddr=0001686c vaddr=3ffb0000 size=027bch ( 10172) load[0m
[0;32mI (31105) esp_image: segment 2: paddr=00019030 vaddr=40080000 size=06fe8h ( 28648) load[0m
[0;32mI (31165) esp_image: segment 3: paddr=00020020 vaddr=400d0020 size=0a6f0h ( 42736) map[0m
[0;32mI (31213) esp_image: segment 4: paddr=0002a718 vaddr=40086fe8 size=033f8h ( 13304) load[0m
[0;32mI (31262) esp_image: segment 5: paddr=0002db18 vaddr=50000000 size=00028h (    40) load[0m
[0;32mI (31408) boot: Loaded app from partition at offset 0x10000[0m
[0;32mI (31408) boot: Disabling RNG early entropy source...[0m
[0;32mI (31429) cpu_start: Multicore app[0m
[0;32mI (3205) cpu_start: GPIO 3 and 1 are used as console UART I/O pins[0m
[0;32mI (3207) cpu_start: Pro cpu start user code[0m
[0;32mI (3207) cpu_start: cpu freq: 160000000 Hz[0m
[0;32mI (3208) app_init: Application information:[0m
[0;32mI (3208) app_init: Project name:     db9[0m
[0;32mI (3208) app_init: App version:      fdccbe1-dirty[0m
[0;32mI (3208) app_init: Compile time:     Jul  2 2026 13:55:01[0m
[0;32mI (3208) app_init: ELF file SHA256:  6c380f5a3...[0m
[0;32mI (3208) app_init: ESP-IDF:          v6.0.2-dirty[0m
[0;32mI (3208) efuse_init: Min chip rev:     v0.0[0m
[0;32mI (3209) efuse_init: Max chip rev:     v3.99 [0m
[0;32mI (3209) efuse_init: Chip rev:         v3.0[0m
[0;32mI (3209) heap_init: Initializing. RAM available for dynamic allocation:[0m
[0;32mI (3210) heap_init: At 3FFAE6E0 len 00001920 (6 KiB): DRAM[0m
[0;32mI (3210) heap_init: At 3FFB3100 len 0002CF00 (179 KiB): DRAM[0m
[0;32mI (3210) heap_init: At 3FFE0440 len 00003AE0 (14 KiB): D/IRAM[0m
[0;32mI (3210) heap_init: At 3FFE4350 len 0001BCB0 (111 KiB): D/IRAM[0m
[0;32mI (3210) heap_init: At 4008A3E0 len 00015C20 (87 KiB): IRAM[0m
[0;32mI (3267) spi_flash: detected chip: winbond[0m
[0;32mI (3278) spi_flash: flash io: dio[0m
[0;32mI (3289) main_task: Started on CPU0[0m
[0;32mI (3289) main_task: Calling app_main()[0m

abort() was called at PC 0x400d3b3b on core 0


Backtrace: 0x40085ae1:0x3ffb42d0 0x40085aa9:0x3ffb42f0 0x40085745:0x3ffb4310 0x400d3b3b:0x3ffb4380 0x400d5cc6:0x3ffb43a0 0x400d3e52:0x3ffb43c0 0x400d36b9:0x3ffb43e0 0x400d8665:0x3ffb4410




ELF file SHA256: 6c380f5a3

Rebooting...
ets Jul 29 2019 12:21:46

rst:0xc (SW_CPU_RESET),boot:0x12 (SPI_FAST_FLASH_BOOT)
configsip: 0, SPIWP:0xee
clk_drv:0x00,q_drv:0x00,d_drv:0x00,cs0_drv:0x00,hd_drv:0x00,wp_drv:0x00
mode:DIO, clock div:2
load:0x3fff0040,len:6272
load:0x40078000,len:15820
load:0x40080400,len:3920
entry 0x40080644
[0;32mI (16519) boot: ESP-IDF v6.0.2-dirty 2nd stage bootloader[0m
[0;32mI (16520) boot: compile time Jul  2 2026 13:38:54[0m
[0;32mI (16520) boot: Multicore bootloader[0m
[0;32mI (16611) boot: chip revision: v3.0[0m
[0;32mI (16613) boot.esp32: SPI Speed      : 40MHz[0m
[0;32mI (16613) boot.esp32: SPI Mode       : DIO[0m
[0;32mI (16613) boot.esp32: SPI Flash Size : 2MB[0m
[0;32mI (16626) boot: Enabling RNG early entropy source...[0m
[0;32mI (16642) boot: Partition Table:[0m
[0;32mI (16642) boot: ## Label            Usage          Type ST Offset   Length[0m
[0;32mI (16643) boot:  0 nvs              WiFi data        01 02 00009000 00006000[0m
[0;32mI (16643) boot:  1 phy_init         RF data          01 01 0000f000 00001000[0m
[0;32mI (16643) boot:  2 factory          factory app      00 00 00010000 00100000[0m
[0;32mI (16653) boot: End of partition table[0m
[0;32mI (16745) esp_image: segment 0: paddr=00010020 vaddr=3f400020 size=06844h ( 26692) map[0m
[0;32mI (16795) esp_image: segment 1: paddr=0001686c vaddr=3ffb0000 size=027bch ( 10172) load[0m
[0;32mI (16841) esp_image: segment 2: paddr=00019030 vaddr=40080000 size=06fe8h ( 28648) load[0m
[0;32mI (16901) esp_image: segment 3: paddr=00020020 vaddr=400d0020 size=0a6f0h ( 42736) map[0m
[0;32mI (16950) esp_image: segment 4: paddr=0002a718 vaddr=40086fe8 size=033f8h ( 13304) load[0m
[0;32mI (16999) esp_image: segment 5: paddr=0002db18 vaddr=50000000 size=00028h (    40) load[0m
[0;32mI (17153) boot: Loaded app from partition at offset 0x10000[0m
[0;32mI (17153) boot: Disabling RNG early entropy source...[0m
[0;32mI (17174) cpu_start: Multicore app[0m
[0;32mI (16917) cpu_start: GPIO 3 and 1 are used as console UART I/O pins[0m
[0;32mI (16919) cpu_start: Pro cpu start user code[0m
[0;32mI (16919) cpu_start: cpu freq: 160000000 Hz[0m
[0;32mI (16919) app_init: Application information:[0m
[0;32mI (16919) app_init: Project name:     db9[0m
[0;32mI (16919) app_init: App version:      fdccbe1-dirty[0m
[0;32mI (16919) app_init: Compile time:     Jul  2 2026 13:55:01[0m
[0;32mI (16919) app_init: ELF file SHA256:  6c380f5a3...[0m
[0;32mI (16919) app_init: ESP-IDF:          v6.0.2-dirty[0m
[0;32mI (16919) efuse_init: Min chip rev:     v0.0[0m
[0;32mI (16919) efuse_init: Max chip rev:     v3.99 [0m
[0;32mI (16920) efuse_init: Chip rev:         v3.0[0m
[0;32mI (16921) heap_init: Initializing. RAM available for dynamic allocation:[0m
[0;32mI (16922) heap_init: At 3FFAE6E0 len 00001920 (6 KiB): DRAM[0m
[0;32mI (16922) heap_init: At 3FFB3100 len 0002CF00 (179 KiB): DRAM[0m
[0;32mI (16922) heap_init: At 3FFE0440 len 00003AE0 (14 KiB): D/IRAM[0m
[0;32mI (16922) heap_init: At 3FFE4350 len 0001BCB0 (111 KiB): D/IRAM[0m
[0;32mI (16922) heap_init: At 4008A3E0 len 00015C20 (87 KiB): IRAM[0m
[0;32mI (16974) spi_flash: detected chip: winbond[0m
[0;32mI (16981) spi_flash: flash io: dio[0m
[0;32mI (16996) main_task: Started on CPU0[0m
[0;32mI (16996) main_task: Calling app_main()[0m

abort() was called at PC 0x400d3b3b on core 0


Backtrace: 0x40085ae1:0x3ffb42d0 0x40085aa9:0x3ffb42f0 0x40085745:0x3ffb4310 0x400d3b3b:0x3ffb4380 0x400d5cc6:0x3ffb43a0 0x400d3e52:0x3ffb43c0 0x400d36b9:0x3ffb43e0 0x400d8665:0x3ffb4410




ELF file SHA256: 6c380f5a3

Rebooting...
ets Jul 29 2019 12:21:46

rst:0xc (SW_CPU_RESET),boot:0x12 (SPI_FAST_FLASH_BOOT)
configsip: 0, SPIWP:0xee
clk_drv:0x00,q_drv:0x00,d_drv:0x00,cs0_drv:0x00,hd_drv:0x00,wp_drv:0x00
mode:DIO, clock div:2
load:0x3fff0040,len:6272
load:0x40078000,len:15820
load:0x40080400,len:3920
entry 0x40080644
[0;32mI (15423) boot: ESP-IDF v6.0.2-dirty 2nd stage bootloader[0m
[0;32mI (15423) boot: compile time Jul  2 2026 13:38:54[0m
[0;32mI (15424) boot: Multicore bootloader[0m
[0;32mI (15508) boot: chip revision: v3.0[0m
[0;32mI (15510) boot.esp32: SPI Speed      : 40MHz[0m
[0;32mI (15510) boot.esp32: SPI Mode       : DIO[0m
[0;32mI (15510) boot.esp32: SPI Flash Size : 2MB[0m
[0;32mI (15525) boot: Enabling RNG early entropy source...[0m
[0;32mI (15538) boot: Partition Table:[0m
[0;32mI (15539) boot: ## Label            Usage          Type ST Offset   Length[0m
[0;32mI (15539) boot:  0 nvs              WiFi data        01 02 00009000 00006000[0m
[0;32mI (15539) boot:  1 phy_init         RF data          01 01 0000f000 00001000[0m
[0;32mI (15539) boot:  2 factory          factory app      00 00 00010000 00100000[0m
[0;32mI (15548) boot: End of partition table[0m
[0;32mI (15644) esp_image: segment 0: paddr=00010020 vaddr=3f400020 size=06844h ( 26692) map[0m
[0;32mI (15691) esp_image: segment 1: paddr=0001686c vaddr=3ffb0000 size=027bch ( 10172) load[0m
[0;32mI (15739) esp_image: segment 2: paddr=00019030 vaddr=40080000 size=06fe8h ( 28648) load[0m
[0;32mI (15797) esp_image: segment 3: paddr=00020020 vaddr=400d0020 size=0a6f0h ( 42736) map[0m
[0;32mI (15846) esp_image: segment 4: paddr=0002a718 vaddr=40086fe8 size=033f8h ( 13304) load[0m
[0;32mI (15897) esp_image: segment 5: paddr=0002db18 vaddr=50000000 size=00028h (    40) load[0m
[0;32mI (16046) boot: Loaded app from partition at offset 0x10000[0m
[0;32mI (16047) boot: Disabling RNG early entropy source...[0m
[0;32mI (16071) cpu_start: Multicore app[0m
[0;32mI (16928) cpu_start: GPIO 3 and 1 are used as console UART I/O pins[0m
[0;32mI (16930) cpu_start: Pro cpu start user code[0m
[0;32mI (16930) cpu_start: cpu freq: 160000000 Hz[0m
[0;32mI (16930) app_init: Application information:[0m
[0;32mI (16930) app_init: Project name:     db9[0m
[0;32mI (16930) app_init: App version:      fdccbe1-dirty[0m
[0;32mI (16930) app_init: Compile time:     Jul  2 2026 13:55:01[0m
[0;32mI (16931) app_init: ELF file SHA256:  6c380f5a3...[0m
[0;32mI (16931) app_init: ESP-IDF:          v6.0.2-dirty[0m
[0;32mI (16931) efuse_init: Min chip rev:     v0.0[0m
[0;32mI (16931) efuse_init: Max chip rev:     v3.99 [0m
[0;32mI (16931) efuse_init: Chip rev:         v3.0[0m
[0;32mI (16932) heap_init: Initializing. RAM available for dynamic allocation:[0m
[0;32mI (16933) heap_init: At 3FFAE6E0 len 00001920 (6 KiB): DRAM[0m
[0;32mI (16933) heap_init: At 3FFB3100 len 0002CF00 (179 KiB): DRAM[0m
[0;32mI (16933) heap_init: At 3FFE0440 len 00003AE0 (14 KiB): D/IRAM[0m
[0;32mI (16933) heap_init: At 3FFE4350 len 0001BCB0 (111 KiB): D/IRAM[0m
[0;32mI (16933) heap_init: At 4008A3E0 len 00015C20 (87 KiB): IRAM[0m
[0;32mI (16976) spi_flash: detected chip: winbond[0m
[0;32mI (16985) spi_flash: flash io: dio[0m
[0;32mI (16997) main_task: Started on CPU0[0m
[0;32mI (16997) main_task: Calling app_main()[0m

abort() was called at PC 0x400d3b3b on core 0


Backtrace: 0x40085ae1:0x3ffb42d0 0x40085aa9:0x3ffb42f0 0x40085745:0x3ffb4310 0x400d3b3b:0x3ffb4380 0x400d5cc6:0x3ffb43a0 0x400d3e52:0x3ffb43c0 0x400d36b9:0x3ffb43e0 0x400d8665:0x3ffb4410




ELF file SHA256: 6c380f5a3

Rebooting...
ets Jul 29 2019 12:21:46

rst:0xc (SW_CPU_RESET),boot:0x12 (SPI_FAST_FLASH_BOOT)
configsip: 0, SPIWP:0xee
clk_drv:0x00,q_drv:0x00,d_drv:0x00,cs0_drv:0x00,hd_drv:0x00,wp_drv:0x00
mode:DIO, clock div:2
load:0x3fff0040,len:6272
load:0x40078000,len:15820
load:0x40080400,len:3920
entry 0x40080644
[0;32mI (13224) boot: ESP-IDF v6.0.2-dirty 2nd stage bootloader[0m
[0;32mI (13224) boot: compile time Jul  2 2026 13:38:54[0m
[0;32mI (13224) boot: Multicore bootloader[0m
[0;32mI (13311) boot: chip revision: v3.0[0m
[0;32mI (13313) boot.esp32: SPI Speed      : 40MHz[0m
[0;32mI (13313) boot.esp32: SPI Mode       : DIO[0m
[0;32mI (13313) boot.esp32: SPI Flash Size : 2MB[0m
[0;32mI (13327) boot: Enabling RNG early entropy source...[0m
[0;32mI (13343) boot: Partition Table:[0m
[0;32mI (13343) boot: ## Label            Usage          Type ST Offset   Length[0m
[0;32mI (13343) boot:  0 nvs              WiFi data        01 02 00009000 00006000[0m
[0;32mI (13344) boot:  1 phy_init         RF data          01 01 0000f000 00001000[0m
[0;32mI (13344) boot:  2 factory          factory app      00 00 00010000 00100000[0m
[0;32mI (13354) boot: End of partition table[0m
[0;32mI (13458) esp_image: segment 0: paddr=00010020 vaddr=3f400020 size=06844h ( 26692) map[0m
[0;32mI (13508) esp_image: segment 1: paddr=0001686c vaddr=3ffb0000 size=027bch ( 10172) load[0m
[0;32mI (13558) esp_image: segment 2: paddr=00019030 vaddr=40080000 size=06fe8h ( 28648) load[0m
[0;32mI (13616) esp_image: segment 3: paddr=00020020 vaddr=400d0020 size=0a6f0h ( 42736) map[0m
[0;32mI (13668) esp_image: segment 4: paddr=0002a718 vaddr=40086fe8 size=033f8h ( 13304) load[0m
[0;32mI (13716) esp_image: segment 5: paddr=0002db18 vaddr=50000000 size=00028h (    40) load[0m
[0;32mI (13875) boot: Loaded app from partition at offset 0x10000[0m
[0;32mI (13875) boot: Disabling RNG early entropy source...[0m
[0;32mI (13897) cpu_start: Multicore app[0m
[0;32mI (15880) cpu_start: GPIO 3 and 1 are used as console UART I/O pins[0m
[0;32mI (15883) cpu_start: Pro cpu start user code[0m
[0;32mI (15883) cpu_start: cpu freq: 160000000 Hz[0m
[0;32mI (15883) app_init: Application information:[0m
[0;32mI (15883) app_init: Project name:     db9[0m
[0;32mI (15883) app_init: App version:      fdccbe1-dirty[0m
[0;32mI (15883) app_init: Compile time:     Jul  2 2026 13:55:01[0m
[0;32mI (15883) app_init: ELF file SHA256:  6c380f5a3...[0m
[0;32mI (15883) app_init: ESP-IDF:          v6.0.2-dirty[0m
[0;32mI (15884) efuse_init: Min chip rev:     v0.0[0m
[0;32mI (15884) efuse_init: Max chip rev:     v3.99 [0m
[0;32mI (15884) efuse_init: Chip rev:         v3.0[0m
[0;32mI (15884) heap_init: Initializing. RAM available for dynamic allocation:[0m
[0;32mI (15886) heap_init: At 3FFAE6E0 len 00001920 (6 KiB): DRAM[0m
[0;32mI (15886) heap_init: At 3FFB3100 len 0002CF00 (179 KiB): DRAM[0m
[0;32mI (15886) heap_init: At 3FFE0440 len 00003AE0 (14 KiB): D/IRAM[0m
[0;32mI (15886) heap_init: At 3FFE4350 len 0001BCB0 (111 KiB): D/IRAM[0m
[0;32mI (15886) heap_init: At 4008A3E0 len 00015C20 (87 KiB): IRAM[0m
[0;32mI (15929) spi_flash: detected chip: winbond[0m
[0;32mI (15937) spi_flash: flash io: dio[0m
[0;32mI (15949) main_task: Started on CPU0[0m
[0;32mI (15949) main_task: Calling app_main()[0m

abort() was called at PC 0x400d3b3b on core 0


Backtrace: 0x40085ae1:0x3ffb42d0 0x40085aa9:0x3ffb42f0 0x40085745:0x3ffb4310 0x400d3b3b:0x3ffb4380 0x400d5cc6:0x3ffb43a0 0x400d3e52:0x3ffb43c0 0x400d36b9:0x3ffb43e0 0x400d8665:0x3ffb4410




ELF file SHA256: 6c380f5a3

Rebooting...
ets Jul 29 2019 12:21:46

rst:0xc (SW_CPU_RESET),boot:0x12 (SPI_FAST_FLASH_BOOT)
configsip: 0, SPIWP:0xee
clk_drv:0x00,q_drv:0x00,d_drv:0x00,cs0_drv:0x00,hd_drv:0x00,wp_drv:0x00
mode:DIO, clock div:2
load:0x3fff0040,len:6272
load:0x40078000,len:15820
load:0x40080400,len:3920
entry 0x40080644
[0;32mI (6767) boot: ESP-IDF v6.0.2-dirty 2nd stage bootloader[0m
[0;32mI (6768) boot: compile time Jul  2 2026 13:38:54[0m
[0;32mI (6768) boot: Multicore bootloader[0m
[0;32mI (6852) boot: chip revision: v3.0[0m
[0;32mI (6854) boot.esp32: SPI Speed      : 40MHz[0m
[0;32mI (6854) boot.esp32: SPI Mode       : DIO[0m
[0;32mI (6854) boot.esp32: SPI Flash Size : 2MB[0m
[0;32mI (6867) boot: Enabling RNG early entropy source...[0m
[0;32mI (6883) boot: Partition Table:[0m
[0;32mI (6883) boot: ## Label            Usage          Type ST Offset   Length[0m
[0;32mI (6883) boot:  0 nvs              WiFi data        01 02 00009000 00006000[0m
[0;32mI (6883) boot:  1 phy_init         RF data          01 01 0000f000 00001000[0m
[0;32mI (6883) boot:  2 factory          factory app      00 00 00010000 00100000[0m
[0;32mI (6892) boot: End of partition table[0m
[0;32mI (6987) esp_image: segment 0: paddr=00010020 vaddr=3f400020 size=06844h ( 26692) map[0m
[0;32mI (7034) esp_image: segment 1: paddr=0001686c vaddr=3ffb0000 size=027bch ( 10172) load[0m
[0;32mI (7080) esp_image: segment 2: paddr=00019030 vaddr=40080000 size=06fe8h ( 28648) load[0m
[0;32mI (7141) esp_image: segment 3: paddr=00020020 vaddr=400d0020 size=0a6f0h ( 42736) map[0m
[0;32mI (7190) esp_image: segment 4: paddr=0002a718 vaddr=40086fe8 size=033f8h ( 13304) load[0m
[0;32mI (7241) esp_image: segment 5: paddr=0002db18 vaddr=50000000 size=00028h (    40) load[0m
[0;32mI (7388) boot: Loaded app from partition at offset 0x10000[0m
[0;32mI (7388) boot: Disabling RNG early entropy source...[0m
[0;32mI (7410) cpu_start: Multicore app[0m
[0;32mI (10488) cpu_start: GPIO 3 and 1 are used as console UART I/O pins[0m
[0;32mI (10490) cpu_start: Pro cpu start user code[0m
[0;32mI (10490) cpu_start: cpu freq: 160000000 Hz[0m
[0;32mI (10490) app_init: Application information:[0m
[0;32mI (10490) app_init: Project name:     db9[0m
[0;32mI (10491) app_init: App version:      fdccbe1-dirty[0m
[0;32mI (10491) app_init: Compile time:     Jul  2 2026 13:55:01[0m
[0;32mI (10491) app_init: ELF file SHA256:  6c380f5a3...[0m
[0;32mI (10491) app_init: ESP-IDF:          v6.0.2-dirty[0m
[0;32mI (10491) efuse_init: Min chip rev:     v0.0[0m
[0;32mI (10491) efuse_init: Max chip rev:     v3.99 [0m
[0;32mI (10491) efuse_init: Chip rev:         v3.0[0m
[0;32mI (10492) heap_init: Initializing. RAM available for dynamic allocation:[0m
[0;32mI (10492) heap_init: At 3FFAE6E0 len 00001920 (6 KiB): DRAM[0m
[0;32mI (10493) heap_init: At 3FFB3100 len 0002CF00 (179 KiB): DRAM[0m
[0;32mI (10493) heap_init: At 3FFE0440 len 00003AE0 (14 KiB): D/IRAM[0m
[0;32mI (10494) heap_init: At 3FFE4350 len 0001BCB0 (111 KiB): D/IRAM[0m
[0;32mI (10494) heap_init: At 4008A3E0 len 00015C20 (87 KiB): IRAM[0m
[0;32mI (10536) spi_flash: detected chip: winbond[0m
[0;32mI (10542) spi_flash: flash io: dio[0m
[0;32mI (10556) main_task: Started on CPU0[0m
[0;32mI (10556) main_task: Calling app_main()[0m

abort() was called at PC 0x400d3b3b on core 0


Backtrace: 0x40085ae1:0x3ffb42d0 0x40085aa9:0x3ffb42f0 0x40085745:0x3ffb4310 0x400d3b3b:0x3ffb4380 0x400d5cc6:0x3ffb43a0 0x400d3e52:0x3ffb43c0 0x400d36b9:0x3ffb43e0 0x400d8665:0x3ffb4410




ELF file SHA256: 6c380f5a3

Rebooting...
ets Jul 29 2019 12:21:46

rst:0xc (SW_CPU_RESET),boot:0x12 (SPI_FAST_FLASH_BOOT)
configsip: 0, SPIWP:0xee
clk_drv:0x00,q_drv:0x00,d_drv:0x00,cs0_drv:0x00,hd_drv:0x00,wp_drv:0x00
mode:DIO, clock div:2
load:0x3fff0040,len:6272
load:0x40078000,len:15820
load:0x40080400,len:3920
entry 0x40080644
